[    0.000000] microcode: microcode updated early to revision 0x8e, date = 2018-03-24
[    0.000000] Linux version 4.18.6-gentoo (root@w650dc) (gcc version 8.2.0 (Gentoo 8.2.0-r2 p1.2)) #3 SMP PREEMPT Fri Sep 7 15:24:30 CST 2018
[    0.000000] Command line: rootfs=ext4 root=/dev/sda2 init=/sbin/init rw initrd=Linux/microcode.img acpi_osi=! acpi_osi='Windows 2009' acpi_backlight=vendor psmouse.proto=imps
[    0.000000] x86/fpu: Supporting XSAVE feature 0x001: 'x87 floating point registers'
[    0.000000] x86/fpu: Supporting XSAVE feature 0x002: 'SSE registers'
[    0.000000] x86/fpu: Supporting XSAVE feature 0x008: 'MPX bounds registers'
[    0.000000] x86/fpu: Supporting XSAVE feature 0x010: 'MPX CSR'
[    0.000000] x86/fpu: xstate_offset[3]:  576, xstate_sizes[3]:   64
[    0.000000] x86/fpu: xstate_offset[4]:  640, xstate_sizes[4]:   64
[    0.000000] x86/fpu: Enabled xstate features 0x1b, context size is 704 bytes, using 'compacted' format.
[    0.000000] BIOS-provided physical RAM map:
[    0.000000] BIOS-e820: [mem 0x0000000000000000-0x0000000000057fff] usable
[    0.000000] BIOS-e820: [mem 0x0000000000058000-0x0000000000058fff] reserved
[    0.000000] BIOS-e820: [mem 0x0000000000059000-0x000000000009dfff] usable
[    0.000000] BIOS-e820: [mem 0x000000000009e000-0x00000000000fffff] reserved
[    0.000000] BIOS-e820: [mem 0x0000000000100000-0x0000000065f30fff] usable
[    0.000000] BIOS-e820: [mem 0x0000000065f31000-0x0000000065f31fff] ACPI NVS
[    0.000000] BIOS-e820: [mem 0x0000000065f32000-0x0000000065f32fff] reserved
[    0.000000] BIOS-e820: [mem 0x0000000065f33000-0x000000006a23dfff] usable
[    0.000000] BIOS-e820: [mem 0x000000006a23e000-0x000000006ab93fff] reserved
[    0.000000] BIOS-e820: [mem 0x000000006ab94000-0x000000006abc7fff] ACPI data
[    0.000000] BIOS-e820: [mem 0x000000006abc8000-0x000000006afe1fff] ACPI NVS
[    0.000000] BIOS-e820: [mem 0x000000006afe2000-0x000000006b3fdfff] reserved
[    0.000000] BIOS-e820: [mem 0x000000006b3fe000-0x000000006b3fefff] usable
[    0.000000] BIOS-e820: [mem 0x000000006b3ff000-0x000000006fffffff] reserved
[    0.000000] BIOS-e820: [mem 0x00000000e0000000-0x00000000efffffff] reserved
[    0.000000] BIOS-e820: [mem 0x00000000fe000000-0x00000000fe010fff] reserved
[    0.000000] BIOS-e820: [mem 0x00000000fec00000-0x00000000fec00fff] reserved
[    0.000000] BIOS-e820: [mem 0x00000000fed00000-0x00000000fed00fff] reserved
[    0.000000] BIOS-e820: [mem 0x00000000fee00000-0x00000000fee00fff] reserved
[    0.000000] BIOS-e820: [mem 0x00000000ff000000-0x00000000ffffffff] reserved
[    0.000000] BIOS-e820: [mem 0x0000000100000000-0x000000028effffff] usable
[    0.000000] NX (Execute Disable) protection: active
[    0.000000] e820: update [mem 0x60dea018-0x60e03c57] usable ==> usable
[    0.000000] e820: update [mem 0x60dea018-0x60e03c57] usable ==> usable
[    0.000000] e820: update [mem 0x60dd9018-0x60de9057] usable ==> usable
[    0.000000] e820: update [mem 0x60dd9018-0x60de9057] usable ==> usable
[    0.000000] extended physical RAM map:
[    0.000000] reserve setup_data: [mem 0x0000000000000000-0x0000000000057fff] usable
[    0.000000] reserve setup_data: [mem 0x0000000000058000-0x0000000000058fff] reserved
[    0.000000] reserve setup_data: [mem 0x0000000000059000-0x000000000009dfff] usable
[    0.000000] reserve setup_data: [mem 0x000000000009e000-0x00000000000fffff] reserved
[    0.000000] reserve setup_data: [mem 0x0000000000100000-0x0000000060dd9017] usable
[    0.000000] reserve setup_data: [mem 0x0000000060dd9018-0x0000000060de9057] usable
[    0.000000] reserve setup_data: [mem 0x0000000060de9058-0x0000000060dea017] usable
[    0.000000] reserve setup_data: [mem 0x0000000060dea018-0x0000000060e03c57] usable
[    0.000000] reserve setup_data: [mem 0x0000000060e03c58-0x0000000065f30fff] usable
[    0.000000] reserve setup_data: [mem 0x0000000065f31000-0x0000000065f31fff] ACPI NVS
[    0.000000] reserve setup_data: [mem 0x0000000065f32000-0x0000000065f32fff] reserved
[    0.000000] reserve setup_data: [mem 0x0000000065f33000-0x000000006a23dfff] usable
[    0.000000] reserve setup_data: [mem 0x000000006a23e000-0x000000006ab93fff] reserved
[    0.000000] reserve setup_data: [mem 0x000000006ab94000-0x000000006abc7fff] ACPI data
[    0.000000] reserve setup_data: [mem 0x000000006abc8000-0x000000006afe1fff] ACPI NVS
[    0.000000] reserve setup_data: [mem 0x000000006afe2000-0x000000006b3fdfff] reserved
[    0.000000] reserve setup_data: [mem 0x000000006b3fe000-0x000000006b3fefff] usable
[    0.000000] reserve setup_data: [mem 0x000000006b3ff000-0x000000006fffffff] reserved
[    0.000000] reserve setup_data: [mem 0x00000000e0000000-0x00000000efffffff] reserved
[    0.000000] reserve setup_data: [mem 0x00000000fe000000-0x00000000fe010fff] reserved
[    0.000000] reserve setup_data: [mem 0x00000000fec00000-0x00000000fec00fff] reserved
[    0.000000] reserve setup_data: [mem 0x00000000fed00000-0x00000000fed00fff] reserved
[    0.000000] reserve setup_data: [mem 0x00000000fee00000-0x00000000fee00fff] reserved
[    0.000000] reserve setup_data: [mem 0x00000000ff000000-0x00000000ffffffff] reserved
[    0.000000] reserve setup_data: [mem 0x0000000100000000-0x000000028effffff] usable
[    0.000000] efi: EFI v2.50 by American Megatrends
[    0.000000] efi:  ACPI 2.0=0x6ab9e000  ACPI=0x6ab9e000  SMBIOS=0x6b316000  SMBIOS 3.0=0x6b315000  ESRT=0x69121398 
[    0.000000] SMBIOS 3.0.0 present.
[    0.000000] DMI: Notebook                         W650DC,DD             /W650DC,DD             , BIOS 1.06.02 12/30/2016
[    0.000000] e820: update [mem 0x00000000-0x00000fff] usable ==> reserved
[    0.000000] e820: remove [mem 0x000a0000-0x000fffff] usable
[    0.000000] last_pfn = 0x28f000 max_arch_pfn = 0x400000000
[    0.000000] MTRR default type: write-back
[    0.000000] MTRR fixed ranges enabled:
[    0.000000]   00000-9FFFF write-back
[    0.000000]   A0000-BFFFF uncachable
[    0.000000]   C0000-FFFFF write-protect
[    0.000000] MTRR variable ranges enabled:
[    0.000000]   0 base 0080000000 mask 7F80000000 uncachable
[    0.000000]   1 base 0070000000 mask 7FF0000000 uncachable
[    0.000000]   2 base 006C000000 mask 7FFC000000 uncachable
[    0.000000]   3 base 006B800000 mask 7FFF800000 uncachable
[    0.000000]   4 disabled
[    0.000000]   5 disabled
[    0.000000]   6 disabled
[    0.000000]   7 disabled
[    0.000000]   8 disabled
[    0.000000]   9 disabled
[    0.000000] x86/PAT: Configuration [0-7]: WB  WC  UC- UC  WB  WP  UC- WT  
[    0.000000] last_pfn = 0x6b3ff max_arch_pfn = 0x400000000
[    0.000000] esrt: Reserving ESRT space from 0x0000000069121398 to 0x00000000691213d0.
[    0.000000] Base memory trampoline at [(____ptrval____)] 97000 size 24576
[    0.000000] Using GB pages for direct mapping
[    0.000000] BRK [0x312db000, 0x312dbfff] PGTABLE
[    0.000000] BRK [0x312dc000, 0x312dcfff] PGTABLE
[    0.000000] BRK [0x312dd000, 0x312ddfff] PGTABLE
[    0.000000] BRK [0x312de000, 0x312defff] PGTABLE
[    0.000000] BRK [0x312df000, 0x312dffff] PGTABLE
[    0.000000] BRK [0x312e0000, 0x312e0fff] PGTABLE
[    0.000000] BRK [0x312e1000, 0x312e1fff] PGTABLE
[    0.000000] Secure boot disabled
[    0.000000] RAMDISK: [mem 0x60e04000-0x62bcefff]
[    0.000000] ACPI: Early table checksum verification disabled
[    0.000000] ACPI: RSDP 0x000000006AB9E000 000024 (v02 ALASKA)
[    0.000000] ACPI: XSDT 0x000000006AB9E0B0 0000DC (v01 ALASKA A M I    01072009 AMI  00010013)
[    0.000000] ACPI: FACP 0x000000006ABBB170 000114 (v06 ALASKA A M I    01072009 AMI  00010013)
[    0.000000] ACPI: DSDT 0x000000006AB9E218 01CF52 (v02 ALASKA A M I    01072009 INTL 20160422)
[    0.000000] ACPI: FACS 0x000000006AFE1C40 000040
[    0.000000] ACPI: APIC 0x000000006ABBB288 000084 (v03 ALASKA A M I    01072009 AMI  00010013)
[    0.000000] ACPI: FPDT 0x000000006ABBB310 000044 (v01 ALASKA A M I    01072009 AMI  00010013)
[    0.000000] ACPI: MCFG 0x000000006ABBB358 00003C (v01 ALASKA A M I    01072009 MSFT 00000097)
[    0.000000] ACPI: SSDT 0x000000006ABBB398 000377 (v01 ALASKA A M I    00001000 INTL 20160422)
[    0.000000] ACPI: FIDT 0x000000006ABBB710 00009C (v01 ALASKA A M I    01072009 AMI  00010013)
[    0.000000] ACPI: MSDM 0x000000006ABBB7B0 000055 (v03 ALASKA A M I    01072009 AMI  00010013)
[    0.000000] ACPI: SSDT 0x000000006ABBB808 00324B (v02 ALASKA A M I    00003000 INTL 20160422)
[    0.000000] ACPI: SSDT 0x000000006ABBEA58 002942 (v02 ALASKA A M I    00001000 INTL 20160422)
[    0.000000] ACPI: HPET 0x000000006ABC13A0 000038 (v01 ALASKA A M I    00000001 MSFT 0000005F)
[    0.000000] ACPI: UEFI 0x000000006ABC13D8 000042 (v01 ALASKA A M I    00000002      01000013)
[    0.000000] ACPI: SSDT 0x000000006ABC1420 000EDE (v02 ALASKA A M I    00003000 INTL 20160422)
[    0.000000] ACPI: LPIT 0x000000006ABC2300 000094 (v01 ALASKA A M I    00000000 MSFT 0000005F)
[    0.000000] ACPI: WSMT 0x000000006ABC2398 000028 (v01 ALASKA A M I    00000000 MSFT 0000005F)
[    0.000000] ACPI: SSDT 0x000000006ABC23C0 00029F (v02 ALASKA A M I    00000000 INTL 20160422)
[    0.000000] ACPI: SSDT 0x000000006ABC2660 003002 (v02 ALASKA A M I    00001000 INTL 20160422)
[    0.000000] ACPI: DBGP 0x000000006ABC5668 000034 (v01 ALASKA A M I    00000002 MSFT 0000005F)
[    0.000000] ACPI: DBG2 0x000000006ABC56A0 000054 (v00 ALASKA A M I    00000002 MSFT 0000005F)
[    0.000000] ACPI: BGRT 0x000000006ABC56F8 000038 (v01 ALASKA A M I    01072009 AMI  00010013)
[    0.000000] ACPI: SSDT 0x000000006ABC5730 0000AE (v02 ALASKA A M I    00001000 INTL 20160422)
[    0.000000] ACPI: DMAR 0x000000006ABC57E0 0000A8 (v01 ALASKA A M I    00000001 INTL 00000001)
[    0.000000] ACPI: SSDT 0x000000006ABC5888 001F4B (v01 ALASKA A M I    00001000 INTL 20160422)
[    0.000000] ACPI: ASF! 0x000000006ABC77D8 0000A0 (v32 ALASKA A M I    00000001 TFSM 000F4240)
[    0.000000] ACPI: Local APIC address 0xfee00000
[    0.000000] Zone ranges:
[    0.000000]   DMA      [mem 0x0000000000001000-0x0000000000ffffff]
[    0.000000]   DMA32    [mem 0x0000000001000000-0x00000000ffffffff]
[    0.000000]   Normal   [mem 0x0000000100000000-0x000000028effffff]
[    0.000000] Movable zone start for each node
[    0.000000] Early memory node ranges
[    0.000000]   node   0: [mem 0x0000000000001000-0x0000000000057fff]
[    0.000000]   node   0: [mem 0x0000000000059000-0x000000000009dfff]
[    0.000000]   node   0: [mem 0x0000000000100000-0x0000000065f30fff]
[    0.000000]   node   0: [mem 0x0000000065f33000-0x000000006a23dfff]
[    0.000000]   node   0: [mem 0x000000006b3fe000-0x000000006b3fefff]
[    0.000000]   node   0: [mem 0x0000000100000000-0x000000028effffff]
[    0.000000] Reserved but unavailable: 24103 pages
[    0.000000] Initmem setup node 0 [mem 0x0000000000001000-0x000000028effffff]
[    0.000000] On node 0 totalpages: 2068953
[    0.000000]   DMA zone: 64 pages used for memmap
[    0.000000]   DMA zone: 22 pages reserved
[    0.000000]   DMA zone: 3996 pages, LIFO batch:0
[    0.000000]   DMA32 zone: 6729 pages used for memmap
[    0.000000]   DMA32 zone: 430653 pages, LIFO batch:31
[    0.000000]   Normal zone: 25536 pages used for memmap
[    0.000000]   Normal zone: 1634304 pages, LIFO batch:31
[    0.000000] Reserving Intel graphics memory at [mem 0x6c000000-0x6fffffff]
[    0.000000] ACPI: PM-Timer IO Port: 0x1808
[    0.000000] ACPI: Local APIC address 0xfee00000
[    0.000000] ACPI: LAPIC_NMI (acpi_id[0x01] high edge lint[0x1])
[    0.000000] ACPI: LAPIC_NMI (acpi_id[0x02] high edge lint[0x1])
[    0.000000] ACPI: LAPIC_NMI (acpi_id[0x03] high edge lint[0x1])
[    0.000000] ACPI: LAPIC_NMI (acpi_id[0x04] high edge lint[0x1])
[    0.000000] IOAPIC[0]: apic_id 2, version 32, address 0xfec00000, GSI 0-119
[    0.000000] ACPI: INT_SRC_OVR (bus 0 bus_irq 0 global_irq 2 dfl dfl)
[    0.000000] ACPI: INT_SRC_OVR (bus 0 bus_irq 9 global_irq 9 high level)
[    0.000000] ACPI: IRQ0 used by override.
[    0.000000] ACPI: IRQ9 used by override.
[    0.000000] Using ACPI (MADT) for SMP configuration information
[    0.000000] ACPI: HPET id: 0x8086a201 base: 0xfed00000
[    0.000000] smpboot: Allowing 4 CPUs, 0 hotplug CPUs
[    0.000000] PM: Registered nosave memory: [mem 0x00000000-0x00000fff]
[    0.000000] PM: Registered nosave memory: [mem 0x00058000-0x00058fff]
[    0.000000] PM: Registered nosave memory: [mem 0x0009e000-0x000fffff]
[    0.000000] PM: Registered nosave memory: [mem 0x60dd9000-0x60dd9fff]
[    0.000000] PM: Registered nosave memory: [mem 0x60de9000-0x60de9fff]
[    0.000000] PM: Registered nosave memory: [mem 0x60dea000-0x60deafff]
[    0.000000] PM: Registered nosave memory: [mem 0x60e03000-0x60e03fff]
[    0.000000] PM: Registered nosave memory: [mem 0x65f31000-0x65f31fff]
[    0.000000] PM: Registered nosave memory: [mem 0x65f32000-0x65f32fff]
[    0.000000] PM: Registered nosave memory: [mem 0x6a23e000-0x6ab93fff]
[    0.000000] PM: Registered nosave memory: [mem 0x6ab94000-0x6abc7fff]
[    0.000000] PM: Registered nosave memory: [mem 0x6abc8000-0x6afe1fff]
[    0.000000] PM: Registered nosave memory: [mem 0x6afe2000-0x6b3fdfff]
[    0.000000] PM: Registered nosave memory: [mem 0x6b3ff000-0x6fffffff]
[    0.000000] PM: Registered nosave memory: [mem 0x70000000-0xdfffffff]
[    0.000000] PM: Registered nosave memory: [mem 0xe0000000-0xefffffff]
[    0.000000] PM: Registered nosave memory: [mem 0xf0000000-0xfdffffff]
[    0.000000] PM: Registered nosave memory: [mem 0xfe000000-0xfe010fff]
[    0.000000] PM: Registered nosave memory: [mem 0xfe011000-0xfebfffff]
[    0.000000] PM: Registered nosave memory: [mem 0xfec00000-0xfec00fff]
[    0.000000] PM: Registered nosave memory: [mem 0xfec01000-0xfecfffff]
[    0.000000] PM: Registered nosave memory: [mem 0xfed00000-0xfed00fff]
[    0.000000] PM: Registered nosave memory: [mem 0xfed01000-0xfedfffff]
[    0.000000] PM: Registered nosave memory: [mem 0xfee00000-0xfee00fff]
[    0.000000] PM: Registered nosave memory: [mem 0xfee01000-0xfeffffff]
[    0.000000] PM: Registered nosave memory: [mem 0xff000000-0xffffffff]
[    0.000000] [mem 0x70000000-0xdfffffff] available for PCI devices
[    0.000000] Booting paravirtualized kernel on bare hardware
[    0.000000] clocksource: refined-jiffies: mask: 0xffffffff max_cycles: 0xffffffff, max_idle_ns: 1910969940391419 ns
[    0.000000] random: get_random_bytes called from start_kernel+0x9a/0x4d5 with crng_init=0
[    0.000000] setup_percpu: NR_CPUS:64 nr_cpumask_bits:64 nr_cpu_ids:4 nr_node_ids:1
[    0.000000] percpu: Embedded 44 pages/cpu @(____ptrval____) s141784 r8192 d30248 u524288
[    0.000000] pcpu-alloc: s141784 r8192 d30248 u524288 alloc=1*2097152
[    0.000000] pcpu-alloc: [0] 0 1 2 3 
[    0.000000] Built 1 zonelists, mobility grouping on.  Total pages: 2036602
[    0.000000] Kernel command line: /dev/sda2 rootfs=ext4 root=/dev/sda2 init=/sbin/init rw initrd=Linux/microcode.img acpi_osi=! acpi_osi='Windows 2009' acpi_backlight=vendor psmouse.proto=imps
[    0.000000] Dentry cache hash table entries: 1048576 (order: 11, 8388608 bytes)
[    0.000000] Inode-cache hash table entries: 524288 (order: 10, 4194304 bytes)
[    0.000000] Memory: 7921004K/8275812K available (14364K kernel code, 1858K rwdata, 4680K rodata, 1656K init, 912K bss, 354808K reserved, 0K cma-reserved)
[    0.000000] SLUB: HWalign=64, Order=0-3, MinObjects=0, CPUs=4, Nodes=1
[    0.000000] Kernel/User page tables isolation: enabled
[    0.000000] ftrace: allocating 45484 entries in 178 pages
[    0.000000] Preemptible hierarchical RCU implementation.
[    0.000000] 	RCU restricting CPUs from NR_CPUS=64 to nr_cpu_ids=4.
[    0.000000] 	Tasks RCU enabled.
[    0.000000] RCU: Adjusting geometry for rcu_fanout_leaf=16, nr_cpu_ids=4
[    0.000000] NR_IRQS: 4352, nr_irqs: 1024, preallocated irqs: 16
[    0.000000] Console: colour dummy device 80x25
[    0.000000] console [tty0] enabled
[    0.000000] ACPI: Core revision 20180531
[    0.000000] clocksource: hpet: mask: 0xffffffff max_cycles: 0xffffffff, max_idle_ns: 79635855245 ns
[    0.000000] hpet clockevent registered
[    0.001000] APIC: Switch to symmetric I/O mode setup
[    0.001000] DMAR: Host address width 39
[    0.001000] DMAR: DRHD base: 0x000000fed90000 flags: 0x0
[    0.001000] DMAR: dmar0: reg_base_addr fed90000 ver 1:0 cap 1c0000c40660462 ecap 19e2ff0505e
[    0.001000] DMAR: DRHD base: 0x000000fed91000 flags: 0x1
[    0.001000] DMAR: dmar1: reg_base_addr fed91000 ver 1:0 cap d2008c40660462 ecap f050da
[    0.001000] DMAR: RMRR base: 0x0000006a621000 end: 0x0000006a640fff
[    0.001000] DMAR: RMRR base: 0x0000006b800000 end: 0x0000006fffffff
[    0.001000] DMAR-IR: IOAPIC id 2 under DRHD base  0xfed91000 IOMMU 1
[    0.001000] DMAR-IR: HPET id 0 under DRHD base 0xfed91000
[    0.001000] DMAR-IR: Queued invalidation will be enabled to support x2apic and Intr-remapping.
[    0.002000] DMAR-IR: Enabled IRQ remapping in x2apic mode
[    0.002000] x2apic enabled
[    0.002000] Switched APIC routing to cluster x2apic.
[    0.006000] ..TIMER: vector=0x30 apic1=0 pin1=2 apic2=-1 pin2=-1
[    0.011000] tsc: Detected 3500.000 MHz processor
[    0.011000] tsc: Detected 3504.000 MHz TSC
[    0.011000] clocksource: tsc-early: mask: 0xffffffffffffffff max_cycles: 0x3282142a9b0, max_idle_ns: 440795384778 ns
[    0.011000] Calibrating delay loop (skipped), value calculated using timer frequency.. 7008.00 BogoMIPS (lpj=3504000)
[    0.011000] pid_max: default: 32768 minimum: 301
[    0.011000] Security Framework initialized
[    0.011000] Mount-cache hash table entries: 16384 (order: 5, 131072 bytes)
[    0.011000] Mountpoint-cache hash table entries: 16384 (order: 5, 131072 bytes)
[    0.011000] ENERGY_PERF_BIAS: Set to 'normal', was 'performance'
[    0.011000] ENERGY_PERF_BIAS: View and update with x86_energy_perf_policy(8)
[    0.011000] mce: CPU supports 8 MCE banks
[    0.011000] CPU0: Thermal monitoring enabled (TM1)
[    0.011000] process: using mwait in idle threads
[    0.011000] Last level iTLB entries: 4KB 64, 2MB 8, 4MB 8
[    0.011000] Last level dTLB entries: 4KB 64, 2MB 0, 4MB 0, 1GB 4
[    0.011000] Spectre V2 : Mitigation: Full generic retpoline
[    0.011000] Spectre V2 : Spectre v2 / SpectreRSB mitigation: Filling RSB on context switch
[    0.011000] Spectre V2 : Spectre v2 mitigation: Enabling Indirect Branch Prediction Barrier
[    0.011000] Spectre V2 : Enabling Restricted Speculation for firmware calls
[    0.011000] Speculative Store Bypass: Mitigation: Speculative Store Bypass disabled via prctl and seccomp
[    0.011000] Freeing SMP alternatives memory: 40K
[    0.014733] TSC deadline timer enabled
[    0.014737] smpboot: CPU0: Intel(R) Pentium(R) CPU G4560 @ 3.50GHz (family: 0x6, model: 0x9e, stepping: 0x9)
[    0.020020] Performance Events: PEBS fmt3+, Skylake events, 32-deep LBR, full-width counters, Intel PMU driver.
[    0.020097] ... version:                4
[    0.020098] ... bit width:              48
[    0.020100] ... generic registers:      4
[    0.020101] ... value mask:             0000ffffffffffff
[    0.020103] ... max period:             00007fffffffffff
[    0.020104] ... fixed-purpose events:   3
[    0.020106] ... event mask:             000000070000000f
[    0.022008] Hierarchical SRCU implementation.
[    0.026154] NMI watchdog: Enabled. Permanently consumes one hw-PMU counter.
[    0.028008] smp: Bringing up secondary CPUs ...
[    0.038028] x86: Booting SMP configuration:
[    0.038036] .... node  #0, CPUs:      #1 #2 #3
[    0.060330] smp: Brought up 1 node, 4 CPUs
[    0.060330] smpboot: Max logical packages: 1
[    0.060330] smpboot: Total of 4 processors activated (28032.00 BogoMIPS)
[    0.061135] devtmpfs: initialized
[    0.061135] x86/mm: Memory block size: 128MB
[    0.061413] PM: Registering ACPI NVS region [mem 0x65f31000-0x65f31fff] (4096 bytes)
[    0.061413] PM: Registering ACPI NVS region [mem 0x6abc8000-0x6afe1fff] (4300800 bytes)
[    0.061413] clocksource: jiffies: mask: 0xffffffff max_cycles: 0xffffffff, max_idle_ns: 1911260446275000 ns
[    0.061413] futex hash table entries: 1024 (order: 4, 65536 bytes)
[    0.061413] pinctrl core: initialized pinctrl subsystem
[    0.061413] NET: Registered protocol family 16
[    0.061413] audit: initializing netlink subsys (disabled)
[    0.061413] audit: type=2000 audit(1536373158.061:1): state=initialized audit_enabled=0 res=1
[    0.062007] cpuidle: using governor ladder
[    0.062007] cpuidle: using governor menu
[    0.062046] ACPI FADT declares the system doesn't support PCIe ASPM, so disable it
[    0.062046] ACPI: bus type PCI registered
[    0.062058] PCI: MMCONFIG for domain 0000 [bus 00-ff] at [mem 0xe0000000-0xefffffff] (base 0xe0000000)
[    0.062061] PCI: MMCONFIG at [mem 0xe0000000-0xefffffff] reserved in E820
[    0.062070] PCI: Using configuration type 1 for base access
[    0.063198] cryptd: max_cpu_qlen set to 1000
[    0.063198] ACPI: Disabled all _OSI OS vendors
[    0.063198] ACPI: Added _OSI(Module Device)
[    0.063198] ACPI: Added _OSI(Processor Device)
[    0.063198] ACPI: Added _OSI(3.0 _SCP Extensions)
[    0.063198] ACPI: Added _OSI(Processor Aggregator Device)
[    0.063198] ACPI: Added _OSI(Linux-Dell-Video)
[    0.063198] ACPI: Added _OSI('Windows)
[    0.082923] ACPI: 9 ACPI AML tables successfully acquired and loaded
[    0.087518] ACPI: [Firmware Bug]: BIOS _OSI(Linux) query ignored
[    0.092799] ACPI: Dynamic OEM Table Load:
[    0.092807] ACPI: SSDT 0xFFFF9C7444C0A000 000717 (v02 PmRef  Cpu0Ist  00003000 INTL 20160422)
[    0.093097] ACPI: \_PR_.CPU0: _OSC native thermal LVT Acked
[    0.093673] ACPI: Dynamic OEM Table Load:
[    0.093678] ACPI: SSDT 0xFFFF9C7444C36C00 0003FF (v02 PmRef  Cpu0Cst  00003001 INTL 20160422)
[    0.094105] ACPI: Dynamic OEM Table Load:
[    0.094110] ACPI: SSDT 0xFFFF9C7444C0A800 00065C (v02 PmRef  ApIst    00003000 INTL 20160422)
[    0.094523] ACPI: Dynamic OEM Table Load:
[    0.094528] ACPI: SSDT 0xFFFF9C7444C56600 00018A (v02 PmRef  ApCst    00003000 INTL 20160422)
[    0.095483] ACPI: EC: EC started
[    0.095485] ACPI: EC: interrupt blocked
[    0.095925] ACPI: \_SB_.PCI0.LPCB.EC__: Used as first EC
[    0.095928] ACPI: \_SB_.PCI0.LPCB.EC__: GPE=0x3, EC_CMD/EC_SC=0x66, EC_DATA=0x62
[    0.095931] ACPI: \_SB_.PCI0.LPCB.EC__: Used as boot DSDT EC to handle transactions
[    0.095933] ACPI: Interpreter enabled
[    0.095961] ACPI: (supports S0 S3 S4 S5)
[    0.095962] ACPI: Using IOAPIC for interrupt routing
[    0.095987] PCI: Using host bridge windows from ACPI; if necessary, use "pci=nocrs" and report a bug
[    0.096343] ACPI: Enabled 7 GPEs in block 00 to 7F
[    0.097796] ACPI: Power Resource [PG00] (on)
[    0.098133] ACPI: Power Resource [PG01] (on)
[    0.098363] ACPI: Power Resource [PG02] (on)
[    0.110152] ACPI: PCI Root Bridge [PCI0] (domain 0000 [bus 00-fe])
[    0.110158] acpi PNP0A08:00: _OSC: OS supports [ExtendedConfig ASPM ClockPM Segments MSI]
[    0.110182] acpi PNP0A08:00: _OSC failed (AE_ERROR); disabling ASPM
[    0.110390] PCI host bridge to bus 0000:00
[    0.110393] pci_bus 0000:00: root bus resource [io  0x0000-0x0cf7 window]
[    0.110395] pci_bus 0000:00: root bus resource [io  0x0d00-0xffff window]
[    0.110398] pci_bus 0000:00: root bus resource [mem 0x000a0000-0x000bffff window]
[    0.110400] pci_bus 0000:00: root bus resource [mem 0x000c0000-0x000c3fff window]
[    0.110402] pci_bus 0000:00: root bus resource [mem 0x000c4000-0x000c7fff window]
[    0.110405] pci_bus 0000:00: root bus resource [mem 0x000c8000-0x000cbfff window]
[    0.110407] pci_bus 0000:00: root bus resource [mem 0x000cc000-0x000cffff window]
[    0.110409] pci_bus 0000:00: root bus resource [mem 0x000d0000-0x000d3fff window]
[    0.110412] pci_bus 0000:00: root bus resource [mem 0x000d4000-0x000d7fff window]
[    0.110414] pci_bus 0000:00: root bus resource [mem 0x000d8000-0x000dbfff window]
[    0.110416] pci_bus 0000:00: root bus resource [mem 0x000dc000-0x000dffff window]
[    0.110419] pci_bus 0000:00: root bus resource [mem 0x000e0000-0x000e3fff window]
[    0.110421] pci_bus 0000:00: root bus resource [mem 0x000e4000-0x000e7fff window]
[    0.110423] pci_bus 0000:00: root bus resource [mem 0x000e8000-0x000ebfff window]
[    0.110426] pci_bus 0000:00: root bus resource [mem 0x000ec000-0x000effff window]
[    0.110428] pci_bus 0000:00: root bus resource [mem 0x000f0000-0x000fffff window]
[    0.110430] pci_bus 0000:00: root bus resource [mem 0x70000000-0xdfffffff window]
[    0.110433] pci_bus 0000:00: root bus resource [mem 0xfd000000-0xfe7fffff window]
[    0.110435] pci_bus 0000:00: root bus resource [bus 00-fe]
[    0.110443] pci 0000:00:00.0: [8086:590f] type 00 class 0x060000
[    0.110527] pci 0000:00:01.0: [8086:1901] type 01 class 0x060400
[    0.110557] pci 0000:00:01.0: PME# supported from D0 D3hot D3cold
[    0.110679] pci 0000:00:02.0: [8086:5902] type 00 class 0x030000
[    0.110687] pci 0000:00:02.0: reg 0x10: [mem 0xdd000000-0xddffffff 64bit]
[    0.110692] pci 0000:00:02.0: reg 0x18: [mem 0xa0000000-0xbfffffff 64bit pref]
[    0.110695] pci 0000:00:02.0: reg 0x20: [io  0xf000-0xf03f]
[    0.110705] pci 0000:00:02.0: BAR 2: assigned to efifb
[    0.110841] pci 0000:00:14.0: [8086:a12f] type 00 class 0x0c0330
[    0.110860] pci 0000:00:14.0: reg 0x10: [mem 0xdf310000-0xdf31ffff 64bit]
[    0.110915] pci 0000:00:14.0: PME# supported from D3hot D3cold
[    0.111069] pci 0000:00:16.0: [8086:a13a] type 00 class 0x078000
[    0.111092] pci 0000:00:16.0: reg 0x10: [mem 0xdf32d000-0xdf32dfff 64bit]
[    0.111156] pci 0000:00:16.0: PME# supported from D3hot
[    0.111269] pci 0000:00:17.0: [8086:a102] type 00 class 0x010601
[    0.111284] pci 0000:00:17.0: reg 0x10: [mem 0xdf328000-0xdf329fff]
[    0.111290] pci 0000:00:17.0: reg 0x14: [mem 0xdf32c000-0xdf32c0ff]
[    0.111296] pci 0000:00:17.0: reg 0x18: [io  0xf090-0xf097]
[    0.111302] pci 0000:00:17.0: reg 0x1c: [io  0xf080-0xf083]
[    0.111307] pci 0000:00:17.0: reg 0x20: [io  0xf060-0xf07f]
[    0.111313] pci 0000:00:17.0: reg 0x24: [mem 0xdf32b000-0xdf32b7ff]
[    0.111346] pci 0000:00:17.0: PME# supported from D3hot
[    0.111438] pci 0000:00:1b.0: [8086:a169] type 01 class 0x060400
[    0.111491] pci 0000:00:1b.0: PME# supported from D0 D3hot D3cold
[    0.111501] pci 0000:00:1b.0: Intel SPT PCH root port ACS workaround enabled
[    0.111625] pci 0000:00:1c.0: [8086:a112] type 01 class 0x060400
[    0.111678] pci 0000:00:1c.0: PME# supported from D0 D3hot D3cold
[    0.111688] pci 0000:00:1c.0: Intel SPT PCH root port ACS workaround enabled
[    0.111816] pci 0000:00:1f.0: [8086:a144] type 00 class 0x060100
[    0.111993] pci 0000:00:1f.2: [8086:a121] type 00 class 0x058000
[    0.112005] pci 0000:00:1f.2: reg 0x10: [mem 0xdf324000-0xdf327fff]
[    0.112121] pci 0000:00:1f.3: [8086:a170] type 00 class 0x040300
[    0.112144] pci 0000:00:1f.3: reg 0x10: [mem 0xdf320000-0xdf323fff 64bit]
[    0.112165] pci 0000:00:1f.3: reg 0x20: [mem 0xdf300000-0xdf30ffff 64bit]
[    0.112206] pci 0000:00:1f.3: PME# supported from D3hot D3cold
[    0.112335] pci 0000:00:1f.4: [8086:a123] type 00 class 0x0c0500
[    0.112394] pci 0000:00:1f.4: reg 0x10: [mem 0xdf32a000-0xdf32a0ff 64bit]
[    0.112463] pci 0000:00:1f.4: reg 0x20: [io  0xf040-0xf05f]
[    0.112639] pci 0000:01:00.0: [10de:139a] type 00 class 0x030200
[    0.112651] pci 0000:01:00.0: reg 0x10: [mem 0xde000000-0xdeffffff]
[    0.112658] pci 0000:01:00.0: reg 0x14: [mem 0xc0000000-0xcfffffff 64bit pref]
[    0.112664] pci 0000:01:00.0: reg 0x1c: [mem 0xd0000000-0xd1ffffff 64bit pref]
[    0.112669] pci 0000:01:00.0: reg 0x24: [io  0xe000-0xe07f]
[    0.112673] pci 0000:01:00.0: reg 0x30: [mem 0xdf000000-0xdf07ffff pref]
[    0.112771] pci 0000:00:01.0: PCI bridge to [bus 01]
[    0.112775] pci 0000:00:01.0:   bridge window [io  0xe000-0xefff]
[    0.112777] pci 0000:00:01.0:   bridge window [mem 0xde000000-0xdf0fffff]
[    0.112779] pci 0000:00:01.0:   bridge window [mem 0xc0000000-0xd1ffffff 64bit pref]
[    0.112817] pci 0000:02:00.0: [10ec:5287] type 00 class 0xff0000
[    0.112841] pci 0000:02:00.0: reg 0x10: [mem 0xdf215000-0xdf215fff]
[    0.112879] pci 0000:02:00.0: reg 0x30: [mem 0xdf200000-0xdf20ffff pref]
[    0.112952] pci 0000:02:00.0: supports D1 D2
[    0.112953] pci 0000:02:00.0: PME# supported from D1 D2 D3hot D3cold
[    0.113041] pci 0000:02:00.1: [10ec:8168] type 00 class 0x020000
[    0.113066] pci 0000:02:00.1: reg 0x10: [io  0xd000-0xd0ff]
[    0.113089] pci 0000:02:00.1: reg 0x18: [mem 0xdf214000-0xdf214fff 64bit]
[    0.113103] pci 0000:02:00.1: reg 0x20: [mem 0xdf210000-0xdf213fff 64bit]
[    0.113181] pci 0000:02:00.1: supports D1 D2
[    0.113182] pci 0000:02:00.1: PME# supported from D0 D1 D2 D3hot D3cold
[    0.113288] pci 0000:00:1b.0: PCI bridge to [bus 02]
[    0.113292] pci 0000:00:1b.0:   bridge window [io  0xd000-0xdfff]
[    0.113294] pci 0000:00:1b.0:   bridge window [mem 0xdf200000-0xdf2fffff]
[    0.113341] pci 0000:03:00.0: [8086:3165] type 00 class 0x028000
[    0.113386] pci 0000:03:00.0: reg 0x10: [mem 0xdf100000-0xdf101fff 64bit]
[    0.113536] pci 0000:03:00.0: PME# supported from D0 D3hot D3cold
[    0.113644] pci 0000:00:1c.0: PCI bridge to [bus 03]
[    0.113648] pci 0000:00:1c.0:   bridge window [mem 0xdf100000-0xdf1fffff]
[    0.113660] pci_bus 0000:00: on NUMA node 0
[    0.114361] ACPI: PCI Interrupt Link [LNKA] (IRQs 3 4 5 6 10 *11 12 14 15)
[    0.114400] ACPI: PCI Interrupt Link [LNKB] (IRQs 3 4 5 6 *10 11 12 14 15)
[    0.114437] ACPI: PCI Interrupt Link [LNKC] (IRQs 3 4 5 6 10 *11 12 14 15)
[    0.114475] ACPI: PCI Interrupt Link [LNKD] (IRQs 3 4 5 6 10 *11 12 14 15)
[    0.114513] ACPI: PCI Interrupt Link [LNKE] (IRQs 3 4 5 6 10 *11 12 14 15)
[    0.114551] ACPI: PCI Interrupt Link [LNKF] (IRQs 3 4 5 6 10 *11 12 14 15)
[    0.114587] ACPI: PCI Interrupt Link [LNKG] (IRQs 3 4 5 6 10 *11 12 14 15)
[    0.114624] ACPI: PCI Interrupt Link [LNKH] (IRQs 3 4 5 6 10 *11 12 14 15)
[    0.114867] ACPI: EC: interrupt unblocked
[    0.114883] ACPI: EC: event unblocked
[    0.114895] ACPI: \_SB_.PCI0.LPCB.EC__: GPE=0x3, EC_CMD/EC_SC=0x66, EC_DATA=0x62
[    0.114899] ACPI: \_SB_.PCI0.LPCB.EC__: Used as boot DSDT EC to handle transactions and events
[    0.114937] pci 0000:00:02.0: vgaarb: setting as boot VGA device
[    0.114937] pci 0000:00:02.0: vgaarb: VGA device added: decodes=io+mem,owns=io+mem,locks=none
[    0.114937] pci 0000:00:02.0: vgaarb: bridge control possible
[    0.114937] vgaarb: loaded
[    0.115003] SCSI subsystem initialized
[    0.115009] libata version 3.00 loaded.
[    0.115022] ACPI: bus type USB registered
[    0.115033] usbcore: registered new interface driver usbfs
[    0.115038] usbcore: registered new interface driver hub
[    0.115051] usbcore: registered new device driver usb
[    0.115060] videodev: Linux video capture interface: v2.00
[    0.115066] pps_core: LinuxPPS API ver. 1 registered
[    0.115067] pps_core: Software ver. 5.3.6 - Copyright 2005-2007 Rodolfo Giometti <giometti@linux.it>
[    0.115079] EDAC MC: Ver: 3.0.0
[    0.115079] Registered efivars operations
[    0.136253] PCI: Using ACPI for IRQ routing
[    0.164103] PCI: pci_cache_line_size set to 64 bytes
[    0.164150] e820: reserve RAM buffer [mem 0x00058000-0x0005ffff]
[    0.164151] e820: reserve RAM buffer [mem 0x0009e000-0x0009ffff]
[    0.164152] e820: reserve RAM buffer [mem 0x60dd9018-0x63ffffff]
[    0.164152] e820: reserve RAM buffer [mem 0x60dea018-0x63ffffff]
[    0.164153] e820: reserve RAM buffer [mem 0x65f31000-0x67ffffff]
[    0.164154] e820: reserve RAM buffer [mem 0x6a23e000-0x6bffffff]
[    0.164155] e820: reserve RAM buffer [mem 0x6b3ff000-0x6bffffff]
[    0.164155] e820: reserve RAM buffer [mem 0x28f000000-0x28fffffff]
[    0.164219] Bluetooth: Core ver 2.22
[    0.164224] NET: Registered protocol family 31
[    0.164226] Bluetooth: HCI device and connection manager initialized
[    0.164229] Bluetooth: HCI socket layer initialized
[    0.164231] Bluetooth: L2CAP socket layer initialized
[    0.164234] Bluetooth: SCO socket layer initialized
[    0.164239] NetLabel: Initializing
[    0.164240] NetLabel:  domain hash size = 128
[    0.164242] NetLabel:  protocols = UNLABELED CIPSOv4 CALIPSO
[    0.164251] NetLabel:  unlabeled traffic allowed by default
[    0.165042] hpet0: at MMIO 0xfed00000, IRQs 2, 8, 0, 0, 0, 0, 0, 0
[    0.165048] hpet0: 8 comparators, 64-bit 24.000000 MHz counter
[    0.167011] clocksource: Switched to clocksource tsc-early
[    0.177077] VFS: Disk quotas dquot_6.6.0
[    0.177089] VFS: Dquot-cache hash table entries: 512 (order 0, 4096 bytes)
[    0.177112] FS-Cache: Loaded
[    0.177135] CacheFiles: Loaded
[    0.177807] pnp: PnP ACPI init
[    0.177979] system 00:00: [io  0x0680-0x069f] has been reserved
[    0.177983] system 00:00: [io  0xffff] has been reserved
[    0.177985] system 00:00: [io  0xffff] has been reserved
[    0.177987] system 00:00: [io  0xffff] has been reserved
[    0.177989] system 00:00: [io  0x1800-0x18fe] has been reserved
[    0.177991] system 00:00: [io  0x164e-0x164f] has been reserved
[    0.177994] system 00:00: [io  0x3322-0x3323] has been reserved
[    0.177999] system 00:00: Plug and Play ACPI device, IDs PNP0c02 (active)
[    0.178061] system 00:01: [io  0x0800-0x087f] has been reserved
[    0.178065] system 00:01: Plug and Play ACPI device, IDs PNP0c02 (active)
[    0.178078] pnp 00:02: Plug and Play ACPI device, IDs PNP0b00 (active)
[    0.178099] system 00:03: [io  0x1854-0x1857] has been reserved
[    0.178103] system 00:03: Plug and Play ACPI device, IDs INT3f0d PNP0c02 (active)
[    0.178116] pnp 00:04: Plug and Play ACPI device, IDs PNP0303 (active)
[    0.178189] pnp 00:05: Plug and Play ACPI device, IDs SYN1218 PNP0f13 (active)
[    0.178333] system 00:06: [mem 0xfed10000-0xfed17fff] has been reserved
[    0.178336] system 00:06: [mem 0xfed18000-0xfed18fff] has been reserved
[    0.178338] system 00:06: [mem 0xfed19000-0xfed19fff] has been reserved
[    0.178341] system 00:06: [mem 0xe0000000-0xefffffff] has been reserved
[    0.178343] system 00:06: [mem 0xfed20000-0xfed3ffff] has been reserved
[    0.178346] system 00:06: [mem 0xfed90000-0xfed93fff] could not be reserved
[    0.178348] system 00:06: [mem 0xfed45000-0xfed8ffff] has been reserved
[    0.178350] system 00:06: [mem 0xff000000-0xffffffff] has been reserved
[    0.178353] system 00:06: [mem 0xfee00000-0xfeefffff] could not be reserved
[    0.178355] system 00:06: [mem 0xdffe0000-0xdfffffff] has been reserved
[    0.178359] system 00:06: Plug and Play ACPI device, IDs PNP0c02 (active)
[    0.178383] system 00:07: [mem 0xfd000000-0xfdabffff] has been reserved
[    0.178386] system 00:07: [mem 0xfdad0000-0xfdadffff] has been reserved
[    0.178388] system 00:07: [mem 0xfdb00000-0xfdffffff] has been reserved
[    0.178391] system 00:07: [mem 0xfe000000-0xfe01ffff] could not be reserved
[    0.178393] system 00:07: [mem 0xfe036000-0xfe03bfff] has been reserved
[    0.178395] system 00:07: [mem 0xfe03d000-0xfe3fffff] has been reserved
[    0.178397] system 00:07: [mem 0xfe410000-0xfe7fffff] has been reserved
[    0.178401] system 00:07: Plug and Play ACPI device, IDs PNP0c02 (active)
[    0.178585] system 00:08: [io  0xff00-0xfffe] has been reserved
[    0.178589] system 00:08: Plug and Play ACPI device, IDs PNP0c02 (active)
[    0.179319] system 00:09: [mem 0xfdaf0000-0xfdafffff] has been reserved
[    0.179322] system 00:09: [mem 0xfdae0000-0xfdaeffff] has been reserved
[    0.179325] system 00:09: [mem 0xfdac0000-0xfdacffff] has been reserved
[    0.179328] system 00:09: Plug and Play ACPI device, IDs PNP0c02 (active)
[    0.179723] pnp: PnP ACPI: found 10 devices
[    0.184252] clocksource: acpi_pm: mask: 0xffffff max_cycles: 0xffffff, max_idle_ns: 2085701024 ns
[    0.184275] pci 0000:00:01.0: PCI bridge to [bus 01]
[    0.184279] pci 0000:00:01.0:   bridge window [io  0xe000-0xefff]
[    0.184283] pci 0000:00:01.0:   bridge window [mem 0xde000000-0xdf0fffff]
[    0.184287] pci 0000:00:01.0:   bridge window [mem 0xc0000000-0xd1ffffff 64bit pref]
[    0.184294] pci 0000:00:1b.0: PCI bridge to [bus 02]
[    0.184297] pci 0000:00:1b.0:   bridge window [io  0xd000-0xdfff]
[    0.184302] pci 0000:00:1b.0:   bridge window [mem 0xdf200000-0xdf2fffff]
[    0.184309] pci 0000:00:1c.0: PCI bridge to [bus 03]
[    0.184314] pci 0000:00:1c.0:   bridge window [mem 0xdf100000-0xdf1fffff]
[    0.184322] pci_bus 0000:00: resource 4 [io  0x0000-0x0cf7 window]
[    0.184324] pci_bus 0000:00: resource 5 [io  0x0d00-0xffff window]
[    0.184326] pci_bus 0000:00: resource 6 [mem 0x000a0000-0x000bffff window]
[    0.184327] pci_bus 0000:00: resource 7 [mem 0x000c0000-0x000c3fff window]
[    0.184329] pci_bus 0000:00: resource 8 [mem 0x000c4000-0x000c7fff window]
[    0.184330] pci_bus 0000:00: resource 9 [mem 0x000c8000-0x000cbfff window]
[    0.184332] pci_bus 0000:00: resource 10 [mem 0x000cc000-0x000cffff window]
[    0.184333] pci_bus 0000:00: resource 11 [mem 0x000d0000-0x000d3fff window]
[    0.184335] pci_bus 0000:00: resource 12 [mem 0x000d4000-0x000d7fff window]
[    0.184337] pci_bus 0000:00: resource 13 [mem 0x000d8000-0x000dbfff window]
[    0.184338] pci_bus 0000:00: resource 14 [mem 0x000dc000-0x000dffff window]
[    0.184340] pci_bus 0000:00: resource 15 [mem 0x000e0000-0x000e3fff window]
[    0.184342] pci_bus 0000:00: resource 16 [mem 0x000e4000-0x000e7fff window]
[    0.184343] pci_bus 0000:00: resource 17 [mem 0x000e8000-0x000ebfff window]
[    0.184345] pci_bus 0000:00: resource 18 [mem 0x000ec000-0x000effff window]
[    0.184347] pci_bus 0000:00: resource 19 [mem 0x000f0000-0x000fffff window]
[    0.184348] pci_bus 0000:00: resource 20 [mem 0x70000000-0xdfffffff window]
[    0.184350] pci_bus 0000:00: resource 21 [mem 0xfd000000-0xfe7fffff window]
[    0.184352] pci_bus 0000:01: resource 0 [io  0xe000-0xefff]
[    0.184353] pci_bus 0000:01: resource 1 [mem 0xde000000-0xdf0fffff]
[    0.184355] pci_bus 0000:01: resource 2 [mem 0xc0000000-0xd1ffffff 64bit pref]
[    0.184356] pci_bus 0000:02: resource 0 [io  0xd000-0xdfff]
[    0.184358] pci_bus 0000:02: resource 1 [mem 0xdf200000-0xdf2fffff]
[    0.184359] pci_bus 0000:03: resource 1 [mem 0xdf100000-0xdf1fffff]
[    0.184587] NET: Registered protocol family 2
[    0.184722] tcp_listen_portaddr_hash hash table entries: 4096 (order: 4, 65536 bytes)
[    0.184759] TCP established hash table entries: 65536 (order: 7, 524288 bytes)
[    0.185052] TCP bind hash table entries: 65536 (order: 8, 1048576 bytes)
[    0.185199] TCP: Hash tables configured (established 65536 bind 65536)
[    0.185219] UDP hash table entries: 4096 (order: 5, 131072 bytes)
[    0.185240] UDP-Lite hash table entries: 4096 (order: 5, 131072 bytes)
[    0.185283] NET: Registered protocol family 1
[    0.185344] pci 0000:00:02.0: Video device with shadowed ROM at [mem 0x000c0000-0x000dffff]
[    0.185528] PCI: CLS 64 bytes, default 64
[    0.185548] Trying to unpack rootfs image as initramfs...
[    0.494620] Freeing initrd memory: 30508K
[    0.494646] DMAR: No ATSR found
[    0.494670] DMAR: dmar0: Using Queued invalidation
[    0.494752] dmar0: Allocated order 8 PASID table.
[    0.494829] DMAR: dmar1: Using Queued invalidation
[    0.495128] DMAR: Setting RMRR:
[    0.495173] DMAR: Setting identity map for device 0000:00:02.0 [0x6b800000 - 0x6fffffff]
[    0.495199] DMAR: Setting identity map for device 0000:00:14.0 [0x6a621000 - 0x6a640fff]
[    0.495205] DMAR: Prepare 0-16MiB unity mapping for LPC
[    0.495223] DMAR: Setting identity map for device 0000:00:1f.0 [0x0 - 0xffffff]
[    0.495417] DMAR: Intel(R) Virtualization Technology for Directed I/O
[    0.495447] iommu: Adding device 0000:00:00.0 to group 0
[    0.495456] iommu: Adding device 0000:00:01.0 to group 1
[    0.495462] iommu: Adding device 0000:00:02.0 to group 2
[    0.495469] iommu: Adding device 0000:00:14.0 to group 3
[    0.495476] iommu: Adding device 0000:00:16.0 to group 4
[    0.495482] iommu: Adding device 0000:00:17.0 to group 5
[    0.495490] iommu: Adding device 0000:00:1b.0 to group 6
[    0.495498] iommu: Adding device 0000:00:1c.0 to group 7
[    0.495510] iommu: Adding device 0000:00:1f.0 to group 8
[    0.495515] iommu: Adding device 0000:00:1f.2 to group 8
[    0.495521] iommu: Adding device 0000:00:1f.3 to group 8
[    0.495527] iommu: Adding device 0000:00:1f.4 to group 8
[    0.495531] iommu: Adding device 0000:01:00.0 to group 1
[    0.495552] iommu: Adding device 0000:02:00.0 to group 9
[    0.495569] iommu: Adding device 0000:02:00.1 to group 9
[    0.495577] iommu: Adding device 0000:03:00.0 to group 10
[    0.496802] RAPL PMU: API unit is 2^-32 Joules, 5 fixed counters, 655360 ms ovfl timer
[    0.496804] RAPL PMU: hw unit of domain pp0-core 2^-14 Joules
[    0.496806] RAPL PMU: hw unit of domain package 2^-14 Joules
[    0.496808] RAPL PMU: hw unit of domain dram 2^-14 Joules
[    0.496809] RAPL PMU: hw unit of domain pp1-gpu 2^-14 Joules
[    0.496811] RAPL PMU: hw unit of domain psys 2^-14 Joules
[    0.496963] clocksource: tsc: mask: 0xffffffffffffffff max_cycles: 0x3282142a9b0, max_idle_ns: 440795384778 ns
[    0.496973] clocksource: Switched to clocksource tsc
[    0.497238] simple-framebuffer simple-framebuffer.0: framebuffer at 0xa0000000, 0x7e9000 bytes, mapped to 0x(____ptrval____)
[    0.497242] simple-framebuffer simple-framebuffer.0: format=a8r8g8b8, mode=1920x1080x32, linelength=7680
[    0.499916] Console: switching to colour frame buffer device 240x67
[    0.502395] simple-framebuffer simple-framebuffer.0: fb0: simplefb registered!
[    0.503042] Initialise system trusted keyrings
[    0.503072] workingset: timestamp_bits=46 max_order=21 bucket_order=0
[    0.504330] ntfs: driver 2.1.32 [Flags: R/O].
[    0.504393] fuse init (API version 7.27)
[    0.504449] SGI XFS with ACLs, security attributes, no debug enabled
[    0.505532] Key type asymmetric registered
[    0.505544] Asymmetric key parser 'x509' registered
[    0.505570] Block layer SCSI generic (bsg) driver version 0.4 loaded (major 248)
[    0.505605] io scheduler noop registered
[    0.505617] io scheduler deadline registered (default)
[    0.505648] io scheduler cfq registered
[    0.505659] io scheduler mq-deadline registered (default)
[    0.505686] io scheduler kyber registered
[    0.505713] io scheduler bfq registered
[    0.506247] Linux agpgart interface v0.103
[    0.506300] intel_idle: MWAIT substates: 0x142120
[    0.506301] intel_idle: v0.4.1 model 0x9E
[    0.506399] intel_idle: lapic_timer_reliable_states 0xffffffff
[    0.507097] ACPI: AC Adapter [AC] (on-line)
[    0.507148] input: Power Button as /devices/LNXSYSTM:00/LNXSYBUS:00/PNP0C0C:00/input/input0
[    0.507176] ACPI: Power Button [PWRB]
[    0.507206] input: Sleep Button as /devices/LNXSYSTM:00/LNXSYBUS:00/PNP0C0E:00/input/input1
[    0.507233] ACPI: Sleep Button [SLPB]
[    0.507263] input: Lid Switch as /devices/LNXSYSTM:00/LNXSYBUS:00/PNP0C0D:00/input/input2
[    0.507285] ACPI: Lid Switch [LID0]
[    0.507312] input: Power Button as /devices/LNXSYSTM:00/LNXPWRBN:00/input/input3
[    0.507333] ACPI: Power Button [PWRF]
[    0.507598] thermal LNXTHERM:00: registered as thermal_zone0
[    0.507614] ACPI: Thermal Zone [TZ0] (48 C)
[    0.507957] [drm] Initialized vgem 1.0.0 20120112 for virtual device on minor 0
[    0.508017] ACPI: Battery Slot [BAT0] (battery present)
[    0.509082] brd: module loaded
[    0.509878] loop: module loaded
[    0.509935] zram: Added device: zram0
[    0.509963] rtsx_pci 0000:02:00.0: enabling device (0000 -> 0002)
[    0.510484] st: Version 20160209, fixed bufsize 32768, s/g segs 256
[    0.510528] SCSI Media Changer driver v0.25 
[    0.510686] ahci 0000:00:17.0: version 3.0
[    0.520968] ahci 0000:00:17.0: AHCI 0001.0301 32 slots 3 ports 6 Gbps 0x11 impl SATA mode
[    0.520991] ahci 0000:00:17.0: flags: 64bit ncq sntf pm led clo only pio slum part ems deso sadm sds apst 
[    0.524561] scsi host0: ahci
[    0.525325] scsi host1: ahci
[    0.526054] scsi host2: ahci
[    0.526772] scsi host3: ahci
[    0.527476] scsi host4: ahci
[    0.528094] ata1: SATA max UDMA/133 abar m2048@0xdf32b000 port 0xdf32b100 irq 124
[    0.528697] ata2: DUMMY
[    0.529319] ata3: DUMMY
[    0.529917] ata4: DUMMY
[    0.530521] ata5: SATA max UDMA/133 abar m2048@0xdf32b000 port 0xdf32b300 irq 124
[    0.531362] libphy: Fixed MDIO Bus: probed
[    0.531977] tun: Universal TUN/TAP device driver, 1.6
[    0.532626] r8169 Gigabit Ethernet driver 2.3LK-NAPI loaded
[    0.533249] r8169 0000:02:00.1: can't disable ASPM; OS doesn't have ASPM control
[    0.537946] r8169 0000:02:00.1 eth0: RTL8411, 80:fa:5b:36:ab:b5, XID 5c800800, IRQ 125
[    0.538589] r8169 0000:02:00.1 eth0: jumbo features [frames: 9200 bytes, tx checksumming: ko]
[    0.539240] PPP generic driver version 2.4.2
[    0.539956] PPP Deflate Compression module registered
[    0.540594] PPP MPPE Compression module registered
[    0.541218] NET: Registered protocol family 24
[    0.541853] PPTP driver version 0.8.5
[    0.542501] VMware vmxnet3 virtual NIC driver - version 1.4.16.0-k-NAPI
[    0.543139] Fusion MPT base driver 3.04.20
[    0.543746] Copyright (c) 1999-2008 LSI Corporation
[    0.544352] Fusion MPT SAS Host driver 3.04.20
[    0.545065] ehci_hcd: USB 2.0 'Enhanced' Host Controller (EHCI) Driver
[    0.545671] ehci-pci: EHCI PCI platform driver
[    0.546391] xhci_hcd 0000:00:14.0: xHCI Host Controller
[    0.547039] xhci_hcd 0000:00:14.0: new USB bus registered, assigned bus number 1
[    0.548723] xhci_hcd 0000:00:14.0: hcc params 0x200077c1 hci version 0x100 quirks 0x0000000000109810
[    0.549338] xhci_hcd 0000:00:14.0: cache line size of 64 is not supported
[    0.549466] usb usb1: New USB device found, idVendor=1d6b, idProduct=0002, bcdDevice= 4.18
[    0.550083] usb usb1: New USB device strings: Mfr=3, Product=2, SerialNumber=1
[    0.550705] usb usb1: Product: xHCI Host Controller
[    0.551310] usb usb1: Manufacturer: Linux 4.18.6-gentoo xhci-hcd
[    0.551911] usb usb1: SerialNumber: 0000:00:14.0
[    0.552615] hub 1-0:1.0: USB hub found
[    0.553239] hub 1-0:1.0: 16 ports detected
[    0.554266] xhci_hcd 0000:00:14.0: xHCI Host Controller
[    0.554938] xhci_hcd 0000:00:14.0: new USB bus registered, assigned bus number 2
[    0.555559] xhci_hcd 0000:00:14.0: Host supports USB 3.0  SuperSpeed
[    0.556227] usb usb2: New USB device found, idVendor=1d6b, idProduct=0003, bcdDevice= 4.18
[    0.556853] usb usb2: New USB device strings: Mfr=3, Product=2, SerialNumber=1
[    0.557474] usb usb2: Product: xHCI Host Controller
[    0.558098] usb usb2: Manufacturer: Linux 4.18.6-gentoo xhci-hcd
[    0.558708] usb usb2: SerialNumber: 0000:00:14.0
[    0.559397] hub 2-0:1.0: USB hub found
[    0.560005] hub 2-0:1.0: 8 ports detected
[    0.560731] usb: port power management may be unreliable
[    0.561551] usbcore: registered new interface driver usblp
[    0.562163] usbcore: registered new interface driver usb-storage
[    0.562742] usbcore: registered new interface driver ldusb
[    0.563336] i8042: PNP: PS/2 Controller [PNP0303:PS2K,PNP0f13:SYNM] at 0x60,0x64 irq 1,12
[    0.837729] ata5: SATA link up 6.0 Gbps (SStatus 133 SControl 300)
[    0.874037] usb 1-2: new high-speed USB device number 2 using xhci_hcd
[    1.020048] usb 1-2: New USB device found, idVendor=04f2, idProduct=b59e, bcdDevice=10.19
[    1.020641] usb 1-2: New USB device strings: Mfr=3, Product=1, SerialNumber=2
[    1.021248] usb 1-2: Product: Chicony USB2.0 Camera
[    1.021837] usb 1-2: Manufacturer: Chicony Electronics Co.,Ltd.
[    1.022424] usb 1-2: SerialNumber: 200901010001
[    1.110677] ata5.00: ATA-10: HGST HTS545050B7E660, 01.01A01, max UDMA/133
[    1.111269] ata5.00: 976773168 sectors, multi 16: LBA48 NCQ (depth 32), AA
[    1.112738] i8042: Detected active multiplexing controller, rev 1.1
[    1.113591] ata5.00: configured for UDMA/133
[    1.114977] serio: i8042 KBD port at 0x60,0x64 irq 1
[    1.115568] serio: i8042 AUX0 port at 0x60,0x64 irq 12
[    1.116184] serio: i8042 AUX1 port at 0x60,0x64 irq 12
[    1.116784] serio: i8042 AUX2 port at 0x60,0x64 irq 12
[    1.117372] serio: i8042 AUX3 port at 0x60,0x64 irq 12
[    1.118046] mousedev: PS/2 mouse device common for all mice
[    1.119005] input: PC Speaker as /devices/platform/pcspkr/input/input5
[    1.119786] rtc_cmos 00:02: RTC can wake from S4
[    1.120869] rtc_cmos 00:02: registered as rtc0
[    1.121480] rtc_cmos 00:02: alarms up to one month, y3k, 242 bytes nvram, hpet irqs
[    1.122108] i2c /dev entries driver
[    1.122844] i801_smbus 0000:00:1f.4: SPD Write Disable is set
[    1.123482] i801_smbus 0000:00:1f.4: SMBus using PCI interrupt
[    1.124426] input: AT Translated Set 2 keyboard as /devices/platform/i8042/serio0/input/input4
[    1.126457] uvcvideo: Found UVC 1.00 device Chicony USB2.0 Camera (04f2:b59e)
[    1.129817] input: Chicony USB2.0 Camera: Chicony  as /devices/pci0000:00/0000:00:14.0/usb1/1-2/1-2:1.0/input/input7
[    1.130470] usbcore: registered new interface driver uvcvideo
[    1.131076] USB Video Class driver (1.1.1)
[    1.131923] iTCO_wdt: Intel TCO WatchDog Timer Driver v1.11
[    1.132567] iTCO_wdt: Found a Intel PCH TCO device (Version=4, TCOBASE=0x0400)
[    1.133257] iTCO_wdt: initialized. heartbeat=30 sec (nowayout=0)
[    1.133865] iTCO_vendor_support: vendor-support=0
[    1.134503] device-mapper: uevent: version 1.0.3
[    1.135159] device-mapper: ioctl: 4.39.0-ioctl (2018-04-03) initialised: dm-devel@redhat.com
[    1.135773] intel_pstate: Intel P-state driver initializing
[    1.136427] intel_pstate: Disabling energy efficiency optimization
[    1.137229] intel_pstate: HWP enabled
[    1.137946] hidraw: raw HID events driver (C) Jiri Kosina
[    1.138570] usbcore: registered new interface driver usbhid
[    1.139036] usb 1-3: new full-speed USB device number 3 using xhci_hcd
[    1.139192] usbhid: USB HID core driver
[    1.140475] intel_rapl: Found RAPL domain package
[    1.141093] intel_rapl: Found RAPL domain core
[    1.141685] intel_rapl: Found RAPL domain uncore
[    1.142273] intel_rapl: Found RAPL domain dram
[    1.142969] drop_monitor: Initializing network drop monitor service
[    1.143603] ipip: IPv4 and MPLS over IPv4 tunneling driver
[    1.144255] gre: GRE over IPv4 demultiplexor driver
[    1.144846] ip_gre: GRE over IPv4 tunneling driver
[    1.145555] Initializing XFRM netlink socket
[    1.146247] NET: Registered protocol family 10
[    1.147261] Segment Routing with IPv6
[    1.147975] NET: Registered protocol family 17
[    1.148580] bridge: filtering via arp/ip/ip6tables is no longer available by default. Update your scripts to load br_netfilter if you need this.
[    1.149235] Bluetooth: RFCOMM TTY layer initialized
[    1.149849] Bluetooth: RFCOMM socket layer initialized
[    1.150479] Bluetooth: RFCOMM ver 1.11
[    1.151084] Bluetooth: BNEP (Ethernet Emulation) ver 1.3
[    1.151698] Bluetooth: BNEP filters: protocol multicast
[    1.152320] Bluetooth: BNEP socket layer initialized
[    1.152921] Bluetooth: HIDP (Human Interface Emulation) ver 1.2
[    1.153519] Bluetooth: HIDP socket layer initialized
[    1.154130] l2tp_core: L2TP core driver, V2.0
[    1.154986] microcode: sig=0x906e9, pf=0x2, revision=0x8e
[    1.155702] microcode: Microcode Update Driver: v2.2.
[    1.155707] SSE version of gcm_enc/dec engaged.
[    1.158552] sched_clock: Marking stable (1158549441, 0)->(1151916966, 6632475)
[    1.159290] registered taskstats version 1
[    1.159879] Loading compiled-in X.509 certificates
[    1.160490] ima: No TPM chip found, activating TPM-bypass! (rc=-19)
[    1.161086] ima: Allocated hash algorithm: sha1
[    1.162378] rtc_cmos 00:02: setting system clock to 2018-09-08 02:19:19 UTC (1536373159)
[    1.163007] cfg80211: Loading compiled-in X.509 certificates for regulatory database
[    1.164523] cfg80211: Loaded X.509 cert 'sforshee: 00b28ddf47aef9cea7'
[    1.165169] platform regulatory.0: Direct firmware load for regulatory.db failed with error -2
[    1.165795] cfg80211: failed to load regulatory.db
[    1.213760] ata1: SATA link up 6.0 Gbps (SStatus 133 SControl 300)
[    1.217592] ata1.00: ATA-9: SAMSUNG MZNTY128HDHP-00000, MAT2100Q, max UDMA/133
[    1.218858] ata1.00: 250069680 sectors, multi 16: LBA48 NCQ (depth 32), AA
[    1.222543] ata1.00: configured for UDMA/133
[    1.224137] scsi 0:0:0:0: Direct-Access     ATA      SAMSUNG MZNTY128 100Q PQ: 0 ANSI: 5
[    1.225744] sd 0:0:0:0: Attached scsi generic sg0 type 0
[    1.225751] sd 0:0:0:0: [sda] 250069680 512-byte logical blocks: (128 GB/119 GiB)
[    1.227386] scsi 4:0:0:0: Direct-Access     ATA      HGST HTS545050B7 1A01 PQ: 0 ANSI: 5
[    1.229310] sd 0:0:0:0: [sda] Write Protect is off
[    1.231643] sd 4:0:0:0: Attached scsi generic sg1 type 0
[    1.231646] sd 4:0:0:0: [sdb] 976773168 512-byte logical blocks: (500 GB/466 GiB)
[    1.231649] sd 4:0:0:0: [sdb] 4096-byte physical blocks
[    1.231655] sd 4:0:0:0: [sdb] Write Protect is off
[    1.231657] sd 4:0:0:0: [sdb] Mode Sense: 00 3a 00 00
[    1.231666] sd 4:0:0:0: [sdb] Write cache: enabled, read cache: enabled, doesn't support DPO or FUA
[    1.233572] sd 0:0:0:0: [sda] Mode Sense: 00 3a 00 00
[    1.240823] sd 0:0:0:0: [sda] Write cache: enabled, read cache: enabled, doesn't support DPO or FUA
[    1.245134]  sda: sda1 sda2 sda3 sda4
[    1.247141] sd 0:0:0:0: [sda] Attached SCSI disk
[    1.266734] usb 1-3: New USB device found, idVendor=8087, idProduct=0a2a, bcdDevice= 0.01
[    1.268033] usb 1-3: New USB device strings: Mfr=0, Product=0, SerialNumber=0
[    1.310323]  sdb: sdb1 sdb2
[    1.312166] sd 4:0:0:0: [sdb] Attached SCSI disk
[    1.315797] Freeing unused kernel image memory: 1656K
[    1.317298] Write protecting the kernel read-only data: 22528k
[    1.319462] Freeing unused kernel image memory: 1988K
[    1.321416] Freeing unused kernel image memory: 1464K
[    1.322936] rodata_test: all tests were successful
[    1.385017] usb 1-9: new high-speed USB device number 4 using xhci_hcd
[    1.388465] dracut: dracut-047
[    1.456469] systemd-udevd[306]: starting version 3.2.5
[    1.457263] random: systemd-udevd: uninitialized urandom read (16 bytes read)
[    1.457966] random: systemd-udevd: uninitialized urandom read (16 bytes read)
[    1.458627] random: systemd-udevd: uninitialized urandom read (16 bytes read)
[    1.459763] udevd[307]: starting eudev-3.2.5
[    1.487660] r8169 0000:02:00.1 enp2s0f1: renamed from eth0
[    1.514023] usb 1-9: New USB device found, idVendor=2717, idProduct=ff48, bcdDevice= 3.18
[    1.514672] usb 1-9: New USB device strings: Mfr=1, Product=2, SerialNumber=3
[    1.515302] usb 1-9: Product: Android
[    1.515951] usb 1-9: Manufacturer: Android
[    1.516588] usb 1-9: SerialNumber: 6de8c80a7d43
[    1.520618] input: Android Android as /devices/pci0000:00/0000:00:14.0/usb1/1-9/1-9:1.2/0003:2717:FF48.0001/input/input13
[    1.532647] EXT4-fs (sda2): mounted filesystem with ordered data mode. Opts: (null)
[    1.542863] random: fast init done
[    1.552105] dracut: Remounting /dev/sda2 with -o defaults,relatime,rw
[    1.554421] EXT4-fs (sda2): re-mounted. Opts: (null)
[    1.570540] dracut: Mounted root filesystem /dev/sda2
[    1.573158] hid-generic 0003:2717:FF48.0001: input,hidraw0: USB HID v1.01 Keyboard [Android Android] on usb-0000:00:14.0-9/input2
[    1.574864] input: Android Android as /devices/pci0000:00/0000:00:14.0/usb1/1-9/1-9:1.3/0003:2717:FF48.0002/input/input14
[    1.575782] hid-generic 0003:2717:FF48.0002: input,hidraw1: USB HID v1.01 Mouse [Android Android] on usb-0000:00:14.0-9/input3
[    1.590703] input: PS/2 Synaptics TouchPad as /devices/platform/i8042/serio2/input/input12
[    1.679959] dracut: Switching root
[    2.287234] udevd[803]: starting version 3.2.5
[    2.303692] udevd[833]: starting eudev-3.2.5
[    2.406120] usbcore: registered new interface driver btusb
[    2.422725] Bluetooth: hci0: read Intel version: 370810011003110e32
[    2.422726] Bluetooth: hci0: Intel device is already patched. patch num: 32
[    2.477102] Intel(R) Wireless WiFi driver for Linux
[    2.477105] Copyright(c) 2003- 2015 Intel Corporation
[    2.477205] iwlwifi 0000:03:00.0: enabling device (0000 -> 0002)
[    2.485230] iwlwifi 0000:03:00.0: loaded firmware version 29.1044073957.0 op_mode iwlmvm
[    2.540933] snd_hda_intel 0000:00:1f.3: enabling device (0000 -> 0002)
[    2.546598] bbswitch: loading out-of-tree module taints kernel.
[    2.547000] bbswitch: version 0.8
[    2.547025] bbswitch: Found integrated VGA device 0000:00:02.0: \_SB_.PCI0.GFX0
[    2.547035] bbswitch: Found discrete VGA device 0000:01:00.0: \_SB_.PCI0.PEG0.PEGP
[    2.547053] ACPI Warning: \_SB.PCI0.PEG0.PEGP._DSM: Argument #4 type mismatch - Found [Buffer], ACPI requires [Package] (20180531/nsarguments-66)
[    2.547255] bbswitch: detected an Optimus _DSM function
[    2.547277] pci 0000:01:00.0: enabling device (0006 -> 0007)
[    2.547403] bbswitch: disabling discrete graphics
[    2.579653] iwlwifi 0000:03:00.0: Detected Intel(R) Dual Band Wireless AC 3165, REV=0x210
[    2.582804] bbswitch: Succesfully loaded. Discrete card 0000:01:00.0 is off
[    2.598131] iwlwifi 0000:03:00.0: base HW address: 84:ef:18:4e:95:49
[    2.658301] ieee80211 phy0: Selected rate control algorithm 'iwl-mvm-rs'
[    2.658817] thermal thermal_zone2: failed to read out thermal zone (-61)
[    2.660113] iwlwifi 0000:03:00.0 wlp3s0: renamed from wlan0
[    2.719819] [drm] VT-d active for gfx access
[    2.719821] checking generic (a0000000 7e9000) vs hw (a0000000 20000000)
[    2.719822] fb: switching to inteldrmfb from simple
[    2.719848] Console: switching to colour dummy device 80x25
[    2.720794] [drm] Supports vblank timestamp caching Rev 2 (21.10.2013).
[    2.720795] [drm] Driver supports precise vblank timestamp query.
[    2.721169] i915 0000:00:02.0: vgaarb: changed VGA decodes: olddecodes=io+mem,decodes=io+mem:owns=io+mem
[    2.723809] [drm] Finished loading DMC firmware i915/kbl_dmc_ver1_04.bin (v1.4)
[    2.748664] [drm] Initialized i915 1.6.0 20180514 for 0000:00:02.0 on minor 1
[    2.751473] ACPI: Video Device [GFX0] (multi-head: yes  rom: no  post: no)
[    2.751919] input: Video Bus as /devices/LNXSYSTM:00/LNXSYBUS:00/PNP0A08:00/LNXVIDEO:00/input/input17
[    2.752048] ACPI: Video Device [PEGP] (multi-head: no  rom: yes  post: no)
[    2.752095] input: Video Bus as /devices/LNXSYSTM:00/LNXSYBUS:00/PNP0A08:00/device:12/LNXVIDEO:01/input/input18
[    2.752363] snd_hda_intel 0000:00:1f.3: bound 0000:00:02.0 (ops i915_audio_component_bind_ops [i915])
[    2.757428] fbcon: inteldrmfb (fb0) is primary device
[    3.219060] Adding 7846908k swap on /dev/sda4.  Priority:-2 extents:1 across:7846908k SSFS
[    3.266401] XFS (sda3): Mounting V5 Filesystem
[    3.280405] XFS (sda3): Ending clean mount
[    3.567915] XFS (sdb2): Mounting V5 Filesystem
[    3.713768] XFS (sdb2): Ending clean mount
[    4.991385] Console: switching to colour frame buffer device 240x67
[    5.014041] i915 0000:00:02.0: fb0: inteldrmfb frame buffer device
[    5.046683] snd_hda_codec_realtek hdaudioC0D0: autoconfig for ALC269VC: line_outs=1 (0x14/0x0/0x0/0x0/0x0) type:speaker
[    5.046685] snd_hda_codec_realtek hdaudioC0D0:    speaker_outs=0 (0x0/0x0/0x0/0x0/0x0)
[    5.046686] snd_hda_codec_realtek hdaudioC0D0:    hp_outs=1 (0x15/0x0/0x0/0x0/0x0)
[    5.046687] snd_hda_codec_realtek hdaudioC0D0:    mono: mono_out=0x0
[    5.046688] snd_hda_codec_realtek hdaudioC0D0:    inputs:
[    5.046689] snd_hda_codec_realtek hdaudioC0D0:      Mic=0x18
[    5.046691] snd_hda_codec_realtek hdaudioC0D0:      Internal Mic=0x12
[    5.064205] input: HDA Intel PCH Mic as /devices/pci0000:00/0000:00:1f.3/sound/card0/input19
[    5.064234] input: HDA Intel PCH Front Headphone as /devices/pci0000:00/0000:00:1f.3/sound/card0/input20
[    5.064262] input: HDA Intel PCH HDMI/DP,pcm=3 as /devices/pci0000:00/0000:00:1f.3/sound/card0/input21
[    5.064287] input: HDA Intel PCH HDMI/DP,pcm=7 as /devices/pci0000:00/0000:00:1f.3/sound/card0/input22
[    5.064314] input: HDA Intel PCH HDMI/DP,pcm=8 as /devices/pci0000:00/0000:00:1f.3/sound/card0/input23
[    5.064353] input: HDA Intel PCH HDMI/DP,pcm=9 as /devices/pci0000:00/0000:00:1f.3/sound/card0/input24
[    5.064392] input: HDA Intel PCH HDMI/DP,pcm=10 as /devices/pci0000:00/0000:00:1f.3/sound/card0/input25
[    5.107437] random: crng init done
[    5.107441] random: 7 urandom warning(s) missed due to ratelimiting
[    5.414593] IPv6: ADDRCONF(NETDEV_UP): enp2s0f1: link is not ready
[    5.450943] r8169 0000:02:00.1 enp2s0f1: link down
[    5.451004] IPv6: ADDRCONF(NETDEV_UP): enp2s0f1: link is not ready
[    5.458802] IPv6: ADDRCONF(NETDEV_UP): wlp3s0: link is not ready
[    5.561737] IPv6: ADDRCONF(NETDEV_UP): wlp3s0: link is not ready
[    5.670267] IPv6: ADDRCONF(NETDEV_UP): wlp3s0: link is not ready
[    5.722831] IPv6: ADDRCONF(NETDEV_UP): wlp3s0: link is not ready
[    9.365224] IPv6: ADDRCONF(NETDEV_UP): wlp3s0: link is not ready
[   12.934750] wlp3s0: authenticate with 00:0a:f5:dd:31:84
[   12.935644] wlp3s0: send auth to 00:0a:f5:dd:31:84 (try 1/3)
[   12.938953] wlp3s0: authenticated
[   12.940033] wlp3s0: associate with 00:0a:f5:dd:31:84 (try 1/3)
[   12.954241] wlp3s0: RX AssocResp from 00:0a:f5:dd:31:84 (capab=0x431 status=0 aid=4)
[   12.961512] wlp3s0: associated
[   12.974090] IPv6: ADDRCONF(NETDEV_CHANGE): wlp3s0: link becomes ready
[ 3190.857537] usb 1-9: USB disconnect, device number 4
[11369.132962] perf: interrupt took too long (2509 > 2500), lowering kernel.perf_event_max_sample_rate to 79000
