[    0.000000] microcode: microcode updated early to revision 0x9a, date = 2018-07-16
[    0.000000] Linux version 4.19.1-gentoo (root@2021) (gcc version 8.2.0 (Gentoo 8.2.0-r4 p1.5)) #4 SMP PREEMPT Thu Nov 22 17:00:38 CST 2018
[    0.000000] Command line: rootfs=xfs root=/dev/sda2 init=/sbin/init rw initrd=Linux/microcode.img acpi_osi=! acpi_osi='Windows 2009' acpi_backlight=vendor intel_pstate=disable resume=/dev/sda2 resume_offset=210795
[    0.000000] x86/fpu: Supporting XSAVE feature 0x001: 'x87 floating point registers'
[    0.000000] x86/fpu: Supporting XSAVE feature 0x002: 'SSE registers'
[    0.000000] x86/fpu: Supporting XSAVE feature 0x008: 'MPX bounds registers'
[    0.000000] x86/fpu: Supporting XSAVE feature 0x010: 'MPX CSR'
[    0.000000] x86/fpu: xstate_offset[3]:  576, xstate_sizes[3]:   64
[    0.000000] x86/fpu: xstate_offset[4]:  640, xstate_sizes[4]:   64
[    0.000000] x86/fpu: Enabled xstate features 0x1b, context size is 704 bytes, using 'compacted' format.
[    0.000000] BIOS-provided physical RAM map:
[    0.000000] BIOS-e820: [mem 0x0000000000000000-0x0000000000057fff] usable
[    0.000000] BIOS-e820: [mem 0x0000000000058000-0x0000000000058fff] reserved
[    0.000000] BIOS-e820: [mem 0x0000000000059000-0x000000000009dfff] usable
[    0.000000] BIOS-e820: [mem 0x000000000009e000-0x00000000000fffff] reserved
[    0.000000] BIOS-e820: [mem 0x0000000000100000-0x0000000065f30fff] usable
[    0.000000] BIOS-e820: [mem 0x0000000065f31000-0x0000000065f31fff] ACPI NVS
[    0.000000] BIOS-e820: [mem 0x0000000065f32000-0x0000000065f32fff] reserved
[    0.000000] BIOS-e820: [mem 0x0000000065f33000-0x000000006a23dfff] usable
[    0.000000] BIOS-e820: [mem 0x000000006a23e000-0x000000006ab93fff] reserved
[    0.000000] BIOS-e820: [mem 0x000000006ab94000-0x000000006abc7fff] ACPI data
[    0.000000] BIOS-e820: [mem 0x000000006abc8000-0x000000006afe1fff] ACPI NVS
[    0.000000] BIOS-e820: [mem 0x000000006afe2000-0x000000006b3fdfff] reserved
[    0.000000] BIOS-e820: [mem 0x000000006b3fe000-0x000000006b3fefff] usable
[    0.000000] BIOS-e820: [mem 0x000000006b3ff000-0x000000006fffffff] reserved
[    0.000000] BIOS-e820: [mem 0x00000000e0000000-0x00000000efffffff] reserved
[    0.000000] BIOS-e820: [mem 0x00000000fe000000-0x00000000fe010fff] reserved
[    0.000000] BIOS-e820: [mem 0x00000000fec00000-0x00000000fec00fff] reserved
[    0.000000] BIOS-e820: [mem 0x00000000fed00000-0x00000000fed00fff] reserved
[    0.000000] BIOS-e820: [mem 0x00000000fee00000-0x00000000fee00fff] reserved
[    0.000000] BIOS-e820: [mem 0x00000000ff000000-0x00000000ffffffff] reserved
[    0.000000] BIOS-e820: [mem 0x0000000100000000-0x000000028effffff] usable
[    0.000000] NX (Execute Disable) protection: active
[    0.000000] e820: update [mem 0x62331018-0x6234ac57] usable ==> usable
[    0.000000] e820: update [mem 0x62331018-0x6234ac57] usable ==> usable
[    0.000000] e820: update [mem 0x62320018-0x62330057] usable ==> usable
[    0.000000] e820: update [mem 0x62320018-0x62330057] usable ==> usable
[    0.000000] extended physical RAM map:
[    0.000000] reserve setup_data: [mem 0x0000000000000000-0x0000000000057fff] usable
[    0.000000] reserve setup_data: [mem 0x0000000000058000-0x0000000000058fff] reserved
[    0.000000] reserve setup_data: [mem 0x0000000000059000-0x000000000009dfff] usable
[    0.000000] reserve setup_data: [mem 0x000000000009e000-0x00000000000fffff] reserved
[    0.000000] reserve setup_data: [mem 0x0000000000100000-0x0000000062320017] usable
[    0.000000] reserve setup_data: [mem 0x0000000062320018-0x0000000062330057] usable
[    0.000000] reserve setup_data: [mem 0x0000000062330058-0x0000000062331017] usable
[    0.000000] reserve setup_data: [mem 0x0000000062331018-0x000000006234ac57] usable
[    0.000000] reserve setup_data: [mem 0x000000006234ac58-0x0000000065f30fff] usable
[    0.000000] reserve setup_data: [mem 0x0000000065f31000-0x0000000065f31fff] ACPI NVS
[    0.000000] reserve setup_data: [mem 0x0000000065f32000-0x0000000065f32fff] reserved
[    0.000000] reserve setup_data: [mem 0x0000000065f33000-0x000000006a23dfff] usable
[    0.000000] reserve setup_data: [mem 0x000000006a23e000-0x000000006ab93fff] reserved
[    0.000000] reserve setup_data: [mem 0x000000006ab94000-0x000000006abc7fff] ACPI data
[    0.000000] reserve setup_data: [mem 0x000000006abc8000-0x000000006afe1fff] ACPI NVS
[    0.000000] reserve setup_data: [mem 0x000000006afe2000-0x000000006b3fdfff] reserved
[    0.000000] reserve setup_data: [mem 0x000000006b3fe000-0x000000006b3fefff] usable
[    0.000000] reserve setup_data: [mem 0x000000006b3ff000-0x000000006fffffff] reserved
[    0.000000] reserve setup_data: [mem 0x00000000e0000000-0x00000000efffffff] reserved
[    0.000000] reserve setup_data: [mem 0x00000000fe000000-0x00000000fe010fff] reserved
[    0.000000] reserve setup_data: [mem 0x00000000fec00000-0x00000000fec00fff] reserved
[    0.000000] reserve setup_data: [mem 0x00000000fed00000-0x00000000fed00fff] reserved
[    0.000000] reserve setup_data: [mem 0x00000000fee00000-0x00000000fee00fff] reserved
[    0.000000] reserve setup_data: [mem 0x00000000ff000000-0x00000000ffffffff] reserved
[    0.000000] reserve setup_data: [mem 0x0000000100000000-0x000000028effffff] usable
[    0.000000] efi: EFI v2.50 by American Megatrends
[    0.000000] efi:  ACPI 2.0=0x6ab9e000  ACPI=0x6ab9e000  SMBIOS=0x6b316000  SMBIOS 3.0=0x6b315000  ESRT=0x69121398 
[    0.000000] SMBIOS 3.0.0 present.
[    0.000000] DMI: Notebook                         W650DC,DD             /W650DC,DD             , BIOS 1.06.02 12/30/2016
[    0.000000] tsc: Detected 3500.000 MHz processor
[    0.002526] tsc: Detected 3504.000 MHz TSC
[    0.002526] e820: update [mem 0x00000000-0x00000fff] usable ==> reserved
[    0.002528] e820: remove [mem 0x000a0000-0x000fffff] usable
[    0.002534] last_pfn = 0x28f000 max_arch_pfn = 0x400000000
[    0.002559] MTRR default type: write-back
[    0.002559] MTRR fixed ranges enabled:
[    0.002560]   00000-9FFFF write-back
[    0.002561]   A0000-BFFFF uncachable
[    0.002561]   C0000-FFFFF write-protect
[    0.002562] MTRR variable ranges enabled:
[    0.002563]   0 base 0080000000 mask 7F80000000 uncachable
[    0.002564]   1 base 0070000000 mask 7FF0000000 uncachable
[    0.002564]   2 base 006C000000 mask 7FFC000000 uncachable
[    0.002565]   3 base 006B800000 mask 7FFF800000 uncachable
[    0.002565]   4 disabled
[    0.002566]   5 disabled
[    0.002566]   6 disabled
[    0.002566]   7 disabled
[    0.002566]   8 disabled
[    0.002567]   9 disabled
[    0.003319] x86/PAT: Configuration [0-7]: WB  WC  UC- UC  WB  WP  UC- WT  
[    0.004035] last_pfn = 0x6b3ff max_arch_pfn = 0x400000000
[    0.004047] esrt: Reserving ESRT space from 0x0000000069121398 to 0x00000000691213d0.
[    0.004054] Base memory trampoline at [(____ptrval____)] 97000 size 24576
[    0.004057] Using GB pages for direct mapping
[    0.004059] BRK [0x12fa01000, 0x12fa01fff] PGTABLE
[    0.004060] BRK [0x12fa02000, 0x12fa02fff] PGTABLE
[    0.004061] BRK [0x12fa03000, 0x12fa03fff] PGTABLE
[    0.004098] BRK [0x12fa04000, 0x12fa04fff] PGTABLE
[    0.004099] BRK [0x12fa05000, 0x12fa05fff] PGTABLE
[    0.004263] BRK [0x12fa06000, 0x12fa06fff] PGTABLE
[    0.004303] BRK [0x12fa07000, 0x12fa07fff] PGTABLE
[    0.004416] BRK [0x12fa08000, 0x12fa08fff] PGTABLE
[    0.004476] BRK [0x12fa09000, 0x12fa09fff] PGTABLE
[    0.004537] Secure boot disabled
[    0.004538] RAMDISK: [mem 0x6234b000-0x62e91fff]
[    0.004544] ACPI: Early table checksum verification disabled
[    0.004546] ACPI: RSDP 0x000000006AB9E000 000024 (v02 ALASKA)
[    0.004549] ACPI: XSDT 0x000000006AB9E0B0 0000DC (v01 ALASKA A M I    01072009 AMI  00010013)
[    0.004553] ACPI: FACP 0x000000006ABBB170 000114 (v06 ALASKA A M I    01072009 AMI  00010013)
[    0.004557] ACPI: DSDT 0x000000006AB9E218 01CF52 (v02 ALASKA A M I    01072009 INTL 20160422)
[    0.004559] ACPI: FACS 0x000000006AFE1C40 000040
[    0.004561] ACPI: APIC 0x000000006ABBB288 000084 (v03 ALASKA A M I    01072009 AMI  00010013)
[    0.004564] ACPI: FPDT 0x000000006ABBB310 000044 (v01 ALASKA A M I    01072009 AMI  00010013)
[    0.004566] ACPI: MCFG 0x000000006ABBB358 00003C (v01 ALASKA A M I    01072009 MSFT 00000097)
[    0.004568] ACPI: SSDT 0x000000006ABBB398 000377 (v01 ALASKA A M I    00001000 INTL 20160422)
[    0.004571] ACPI: FIDT 0x000000006ABBB710 00009C (v01 ALASKA A M I    01072009 AMI  00010013)
[    0.004573] ACPI: MSDM 0x000000006ABBB7B0 000055 (v03 ALASKA A M I    01072009 AMI  00010013)
[    0.004575] ACPI: SSDT 0x000000006ABBB808 00324B (v02 ALASKA A M I    00003000 INTL 20160422)
[    0.004577] ACPI: SSDT 0x000000006ABBEA58 002942 (v02 ALASKA A M I    00001000 INTL 20160422)
[    0.004580] ACPI: HPET 0x000000006ABC13A0 000038 (v01 ALASKA A M I    00000001 MSFT 0000005F)
[    0.004582] ACPI: UEFI 0x000000006ABC13D8 000042 (v01 ALASKA A M I    00000002      01000013)
[    0.004584] ACPI: SSDT 0x000000006ABC1420 000EDE (v02 ALASKA A M I    00003000 INTL 20160422)
[    0.004586] ACPI: LPIT 0x000000006ABC2300 000094 (v01 ALASKA A M I    00000000 MSFT 0000005F)
[    0.004589] ACPI: WSMT 0x000000006ABC2398 000028 (v01 ALASKA A M I    00000000 MSFT 0000005F)
[    0.004591] ACPI: SSDT 0x000000006ABC23C0 00029F (v02 ALASKA A M I    00000000 INTL 20160422)
[    0.004593] ACPI: SSDT 0x000000006ABC2660 003002 (v02 ALASKA A M I    00001000 INTL 20160422)
[    0.004596] ACPI: DBGP 0x000000006ABC5668 000034 (v01 ALASKA A M I    00000002 MSFT 0000005F)
[    0.004598] ACPI: DBG2 0x000000006ABC56A0 000054 (v00 ALASKA A M I    00000002 MSFT 0000005F)
[    0.004600] ACPI: BGRT 0x000000006ABC56F8 000038 (v01 ALASKA A M I    01072009 AMI  00010013)
[    0.004602] ACPI: SSDT 0x000000006ABC5730 0000AE (v02 ALASKA A M I    00001000 INTL 20160422)
[    0.004605] ACPI: DMAR 0x000000006ABC57E0 0000A8 (v01 ALASKA A M I    00000001 INTL 00000001)
[    0.004608] ACPI: SSDT 0x000000006ABC5888 001F4B (v01 ALASKA A M I    00001000 INTL 20160422)
[    0.004610] ACPI: ASF! 0x000000006ABC77D8 0000A0 (v32 ALASKA A M I    00000001 TFSM 000F4240)
[    0.004616] ACPI: Local APIC address 0xfee00000
[    0.004629] Zone ranges:
[    0.004630]   DMA      [mem 0x0000000000001000-0x0000000000ffffff]
[    0.004632]   DMA32    [mem 0x0000000001000000-0x00000000ffffffff]
[    0.004633]   Normal   [mem 0x0000000100000000-0x000000028effffff]
[    0.004634] Movable zone start for each node
[    0.004635] Early memory node ranges
[    0.004636]   node   0: [mem 0x0000000000001000-0x0000000000057fff]
[    0.004636]   node   0: [mem 0x0000000000059000-0x000000000009dfff]
[    0.004637]   node   0: [mem 0x0000000000100000-0x0000000065f30fff]
[    0.004638]   node   0: [mem 0x0000000065f33000-0x000000006a23dfff]
[    0.004638]   node   0: [mem 0x000000006b3fe000-0x000000006b3fefff]
[    0.004639]   node   0: [mem 0x0000000100000000-0x000000028effffff]
[    0.004887] Reserved but unavailable: 24103 pages
[    0.004888] Initmem setup node 0 [mem 0x0000000000001000-0x000000028effffff]
[    0.004889] On node 0 totalpages: 2068953
[    0.004890]   DMA zone: 64 pages used for memmap
[    0.004890]   DMA zone: 22 pages reserved
[    0.004891]   DMA zone: 3996 pages, LIFO batch:0
[    0.004938]   DMA32 zone: 6729 pages used for memmap
[    0.004938]   DMA32 zone: 430653 pages, LIFO batch:63
[    0.011275]   Normal zone: 25536 pages used for memmap
[    0.011276]   Normal zone: 1634304 pages, LIFO batch:63
[    0.030577] Reserving Intel graphics memory at [mem 0x6c000000-0x6fffffff]
[    0.030733] ACPI: PM-Timer IO Port: 0x1808
[    0.030735] ACPI: Local APIC address 0xfee00000
[    0.030739] ACPI: LAPIC_NMI (acpi_id[0x01] high edge lint[0x1])
[    0.030740] ACPI: LAPIC_NMI (acpi_id[0x02] high edge lint[0x1])
[    0.030740] ACPI: LAPIC_NMI (acpi_id[0x03] high edge lint[0x1])
[    0.030741] ACPI: LAPIC_NMI (acpi_id[0x04] high edge lint[0x1])
[    0.030767] IOAPIC[0]: apic_id 2, version 32, address 0xfec00000, GSI 0-119
[    0.030768] ACPI: INT_SRC_OVR (bus 0 bus_irq 0 global_irq 2 dfl dfl)
[    0.030769] ACPI: INT_SRC_OVR (bus 0 bus_irq 9 global_irq 9 high level)
[    0.030771] ACPI: IRQ0 used by override.
[    0.030771] ACPI: IRQ9 used by override.
[    0.030773] Using ACPI (MADT) for SMP configuration information
[    0.030774] ACPI: HPET id: 0x8086a201 base: 0xfed00000
[    0.030780] smpboot: Allowing 4 CPUs, 0 hotplug CPUs
[    0.030792] PM: Registered nosave memory: [mem 0x00000000-0x00000fff]
[    0.030794] PM: Registered nosave memory: [mem 0x00058000-0x00058fff]
[    0.030795] PM: Registered nosave memory: [mem 0x0009e000-0x000fffff]
[    0.030796] PM: Registered nosave memory: [mem 0x62320000-0x62320fff]
[    0.030797] PM: Registered nosave memory: [mem 0x62330000-0x62330fff]
[    0.030798] PM: Registered nosave memory: [mem 0x62331000-0x62331fff]
[    0.030799] PM: Registered nosave memory: [mem 0x6234a000-0x6234afff]
[    0.030800] PM: Registered nosave memory: [mem 0x65f31000-0x65f31fff]
[    0.030801] PM: Registered nosave memory: [mem 0x65f32000-0x65f32fff]
[    0.030802] PM: Registered nosave memory: [mem 0x6a23e000-0x6ab93fff]
[    0.030803] PM: Registered nosave memory: [mem 0x6ab94000-0x6abc7fff]
[    0.030804] PM: Registered nosave memory: [mem 0x6abc8000-0x6afe1fff]
[    0.030804] PM: Registered nosave memory: [mem 0x6afe2000-0x6b3fdfff]
[    0.030806] PM: Registered nosave memory: [mem 0x6b3ff000-0x6fffffff]
[    0.030806] PM: Registered nosave memory: [mem 0x70000000-0xdfffffff]
[    0.030807] PM: Registered nosave memory: [mem 0xe0000000-0xefffffff]
[    0.030807] PM: Registered nosave memory: [mem 0xf0000000-0xfdffffff]
[    0.030808] PM: Registered nosave memory: [mem 0xfe000000-0xfe010fff]
[    0.030809] PM: Registered nosave memory: [mem 0xfe011000-0xfebfffff]
[    0.030809] PM: Registered nosave memory: [mem 0xfec00000-0xfec00fff]
[    0.030810] PM: Registered nosave memory: [mem 0xfec01000-0xfecfffff]
[    0.030811] PM: Registered nosave memory: [mem 0xfed00000-0xfed00fff]
[    0.030811] PM: Registered nosave memory: [mem 0xfed01000-0xfedfffff]
[    0.030812] PM: Registered nosave memory: [mem 0xfee00000-0xfee00fff]
[    0.030812] PM: Registered nosave memory: [mem 0xfee01000-0xfeffffff]
[    0.030813] PM: Registered nosave memory: [mem 0xff000000-0xffffffff]
[    0.030815] [mem 0x70000000-0xdfffffff] available for PCI devices
[    0.030815] Booting paravirtualized kernel on bare hardware
[    0.030818] clocksource: refined-jiffies: mask: 0xffffffff max_cycles: 0xffffffff, max_idle_ns: 1910969940391419 ns
[    0.127216] random: get_random_bytes called from start_kernel+0x9a/0x4e4 with crng_init=0
[    0.127224] setup_percpu: NR_CPUS:64 nr_cpumask_bits:64 nr_cpu_ids:4 nr_node_ids:1
[    0.127403] percpu: Embedded 44 pages/cpu @(____ptrval____) s142744 r8192 d29288 u524288
[    0.127408] pcpu-alloc: s142744 r8192 d29288 u524288 alloc=1*2097152
[    0.127409] pcpu-alloc: [0] 0 1 2 3 
[    0.127424] Built 1 zonelists, mobility grouping on.  Total pages: 2036602
[    0.127426] Kernel command line: /dev/sda2 rootfs=xfs root=/dev/sda2 init=/sbin/init rw initrd=Linux/microcode.img acpi_osi=! acpi_osi='Windows 2009' acpi_backlight=vendor intel_pstate=disable resume=/dev/sda2 resume_offset=210795
[    0.128077] Dentry cache hash table entries: 1048576 (order: 11, 8388608 bytes)
[    0.128361] Inode-cache hash table entries: 524288 (order: 10, 4194304 bytes)
[    0.156641] Memory: 7940828K/8275812K available (14364K kernel code, 1690K rwdata, 4056K rodata, 1580K init, 2688K bss, 334984K reserved, 0K cma-reserved)
[    0.156676] SLUB: HWalign=64, Order=0-3, MinObjects=0, CPUs=4, Nodes=1
[    0.156677] Kernel/User page tables isolation: enabled
[    0.163265] ftrace: allocating 42324 entries in 166 pages
[    0.175002] rcu: Preemptible hierarchical RCU implementation.
[    0.175003] rcu: 	RCU restricting CPUs from NR_CPUS=64 to nr_cpu_ids=4.
[    0.175004] rcu: 	RCU priority boosting: priority 1 delay 500 ms.
[    0.175005] 	Tasks RCU enabled.
[    0.175006] rcu: Adjusting geometry for rcu_fanout_leaf=16, nr_cpu_ids=4
[    0.176252] NR_IRQS: 4352, nr_irqs: 1024, preallocated irqs: 16
[    0.176429] rcu: 	Offload RCU callbacks from CPUs: (none).
[    0.176538] Console: colour dummy device 80x25
[    0.176739] console [tty0] enabled
[    0.176744] ACPI: Core revision 20180810
[    0.177009] clocksource: hpet: mask: 0xffffffff max_cycles: 0xffffffff, max_idle_ns: 79635855245 ns
[    0.177040] hpet clockevent registered
[    0.177077] APIC: Switch to symmetric I/O mode setup
[    0.177079] DMAR: Host address width 39
[    0.177081] DMAR: DRHD base: 0x000000fed90000 flags: 0x0
[    0.177086] DMAR: dmar0: reg_base_addr fed90000 ver 1:0 cap 1c0000c40660462 ecap 19e2ff0505e
[    0.177088] DMAR: DRHD base: 0x000000fed91000 flags: 0x1
[    0.177091] DMAR: dmar1: reg_base_addr fed91000 ver 1:0 cap d2008c40660462 ecap f050da
[    0.177093] DMAR: RMRR base: 0x0000006a621000 end: 0x0000006a640fff
[    0.177095] DMAR: RMRR base: 0x0000006b800000 end: 0x0000006fffffff
[    0.177098] DMAR-IR: IOAPIC id 2 under DRHD base  0xfed91000 IOMMU 1
[    0.177099] DMAR-IR: HPET id 0 under DRHD base 0xfed91000
[    0.177101] DMAR-IR: Queued invalidation will be enabled to support x2apic and Intr-remapping.
[    0.178781] DMAR-IR: Enabled IRQ remapping in x2apic mode
[    0.178783] x2apic enabled
[    0.178795] Switched APIC routing to cluster x2apic.
[    0.182929] ..TIMER: vector=0x30 apic1=0 pin1=2 apic2=-1 pin2=-1
[    0.187050] clocksource: tsc-early: mask: 0xffffffffffffffff max_cycles: 0x3282142a9b0, max_idle_ns: 440795384778 ns
[    0.187060] Calibrating delay loop (skipped), value calculated using timer frequency.. 7008.00 BogoMIPS (lpj=3504000)
[    0.187063] pid_max: default: 32768 minimum: 301
[    0.187640] Security Framework initialized
[    0.187664] Mount-cache hash table entries: 16384 (order: 5, 131072 bytes)
[    0.187680] Mountpoint-cache hash table entries: 16384 (order: 5, 131072 bytes)
[    0.187805] ENERGY_PERF_BIAS: Set to 'normal', was 'performance'
[    0.187807] ENERGY_PERF_BIAS: View and update with x86_energy_perf_policy(8)
[    0.187818] mce: CPU supports 8 MCE banks
[    0.187828] CPU0: Thermal monitoring enabled (TM1)
[    0.187840] process: using mwait in idle threads
[    0.187843] Last level iTLB entries: 4KB 64, 2MB 8, 4MB 8
[    0.187844] Last level dTLB entries: 4KB 64, 2MB 0, 4MB 0, 1GB 4
[    0.187846] Spectre V2 : Mitigation: Full generic retpoline
[    0.187848] Spectre V2 : Spectre v2 / SpectreRSB mitigation: Filling RSB on context switch
[    0.187850] Spectre V2 : Spectre v2 mitigation: Enabling Indirect Branch Prediction Barrier
[    0.187851] Spectre V2 : Enabling Restricted Speculation for firmware calls
[    0.187853] Speculative Store Bypass: Mitigation: Speculative Store Bypass disabled via prctl and seccomp
[    0.193105] Freeing SMP alternatives memory: 44K
[    0.196077] TSC deadline timer enabled
[    0.196082] smpboot: CPU0: Intel(R) Pentium(R) CPU G4560 @ 3.50GHz (family: 0x6, model: 0x9e, stepping: 0x9)
[    0.202072] Performance Events: PEBS fmt3+, Skylake events, 32-deep LBR, full-width counters, Intel PMU driver.
[    0.202150] ... version:                4
[    0.202151] ... bit width:              48
[    0.202153] ... generic registers:      4
[    0.202154] ... value mask:             0000ffffffffffff
[    0.202156] ... max period:             00007fffffffffff
[    0.202157] ... fixed-purpose events:   3
[    0.202158] ... event mask:             000000070000000f
[    0.204061] rcu: Hierarchical SRCU implementation.
[    0.209187] NMI watchdog: Enabled. Permanently consumes one hw-PMU counter.
[    0.211075] smp: Bringing up secondary CPUs ...
[    0.221082] x86: Booting SMP configuration:
[    0.221091] .... node  #0, CPUs:      #1 #2 #3
[    0.243388] smp: Brought up 1 node, 4 CPUs
[    0.243388] smpboot: Max logical packages: 1
[    0.243388] smpboot: Total of 4 processors activated (28032.00 BogoMIPS)
[    0.244189] devtmpfs: initialized
[    0.244189] x86/mm: Memory block size: 128MB
[    0.244481] PM: Registering ACPI NVS region [mem 0x65f31000-0x65f31fff] (4096 bytes)
[    0.244481] PM: Registering ACPI NVS region [mem 0x6abc8000-0x6afe1fff] (4300800 bytes)
[    0.244481] clocksource: jiffies: mask: 0xffffffff max_cycles: 0xffffffff, max_idle_ns: 1911260446275000 ns
[    0.244481] futex hash table entries: 1024 (order: 4, 65536 bytes)
[    0.244481] pinctrl core: initialized pinctrl subsystem
[    0.244481] NET: Registered protocol family 16
[    0.244481] audit: initializing netlink subsys (disabled)
[    0.244481] audit: type=2000 audit(1542878054.068:1): state=initialized audit_enabled=0 res=1
[    0.245070] cpuidle: using governor ladder
[    0.247086] cpuidle: using governor menu
[    0.247133] ACPI FADT declares the system doesn't support PCIe ASPM, so disable it
[    0.247133] ACPI: bus type PCI registered
[    0.247133] PCI: MMCONFIG for domain 0000 [bus 00-ff] at [mem 0xe0000000-0xefffffff] (base 0xe0000000)
[    0.247133] PCI: MMCONFIG at [mem 0xe0000000-0xefffffff] reserved in E820
[    0.247135] PCI: Using configuration type 1 for base access
[    0.248182] cryptd: max_cpu_qlen set to 1000
[    0.248182] ACPI: Disabled all _OSI OS vendors
[    0.248182] ACPI: Added _OSI(Module Device)
[    0.248182] ACPI: Added _OSI(Processor Device)
[    0.248182] ACPI: Added _OSI(3.0 _SCP Extensions)
[    0.248182] ACPI: Added _OSI(Processor Aggregator Device)
[    0.248182] ACPI: Added _OSI(Linux-Dell-Video)
[    0.248182] ACPI: Added _OSI(Linux-Lenovo-NV-HDMI-Audio)
[    0.248182] ACPI: Added _OSI('Windows)
[    0.269135] ACPI: 9 ACPI AML tables successfully acquired and loaded
[    0.274108] ACPI: [Firmware Bug]: BIOS _OSI(Linux) query ignored
[    0.276909] ACPI: Dynamic OEM Table Load:
[    0.276916] ACPI: SSDT 0xFFFF9689852DE000 000717 (v02 PmRef  Cpu0Ist  00003000 INTL 20160422)
[    0.277198] ACPI: \_PR_.CPU0: _OSC native thermal LVT Acked
[    0.277791] ACPI: Dynamic OEM Table Load:
[    0.277796] ACPI: SSDT 0xFFFF968984C9CC00 0003FF (v02 PmRef  Cpu0Cst  00003001 INTL 20160422)
[    0.278215] ACPI: Dynamic OEM Table Load:
[    0.278221] ACPI: SSDT 0xFFFF9689852DE800 00065C (v02 PmRef  ApIst    00003000 INTL 20160422)
[    0.278628] ACPI: Dynamic OEM Table Load:
[    0.278633] ACPI: SSDT 0xFFFF968984C99200 00018A (v02 PmRef  ApCst    00003000 INTL 20160422)
[    0.279600] ACPI: EC: EC started
[    0.279602] ACPI: EC: interrupt blocked
[    0.280049] ACPI: \_SB_.PCI0.LPCB.EC__: Used as first EC
[    0.280051] ACPI: \_SB_.PCI0.LPCB.EC__: GPE=0x3, EC_CMD/EC_SC=0x66, EC_DATA=0x62
[    0.280055] ACPI: \_SB_.PCI0.LPCB.EC__: Used as boot DSDT EC to handle transactions
[    0.280057] ACPI: Interpreter enabled
[    0.280085] ACPI: (supports S0 S3 S4 S5)
[    0.280087] ACPI: Using IOAPIC for interrupt routing
[    0.280113] PCI: Using host bridge windows from ACPI; if necessary, use "pci=nocrs" and report a bug
[    0.280478] ACPI: Enabled 7 GPEs in block 00 to 7F
[    0.281973] ACPI: Power Resource [PG00] (on)
[    0.282314] ACPI: Power Resource [PG01] (on)
[    0.282548] ACPI: Power Resource [PG02] (on)
[    0.294711] ACPI: PCI Root Bridge [PCI0] (domain 0000 [bus 00-fe])
[    0.294717] acpi PNP0A08:00: _OSC: OS supports [ExtendedConfig ASPM ClockPM Segments MSI]
[    0.294741] acpi PNP0A08:00: _OSC failed (AE_ERROR); disabling ASPM
[    0.294954] PCI host bridge to bus 0000:00
[    0.294957] pci_bus 0000:00: root bus resource [io  0x0000-0x0cf7 window]
[    0.294960] pci_bus 0000:00: root bus resource [io  0x0d00-0xffff window]
[    0.294962] pci_bus 0000:00: root bus resource [mem 0x000a0000-0x000bffff window]
[    0.294964] pci_bus 0000:00: root bus resource [mem 0x000c0000-0x000c3fff window]
[    0.294967] pci_bus 0000:00: root bus resource [mem 0x000c4000-0x000c7fff window]
[    0.294969] pci_bus 0000:00: root bus resource [mem 0x000c8000-0x000cbfff window]
[    0.294971] pci_bus 0000:00: root bus resource [mem 0x000cc000-0x000cffff window]
[    0.294973] pci_bus 0000:00: root bus resource [mem 0x000d0000-0x000d3fff window]
[    0.294976] pci_bus 0000:00: root bus resource [mem 0x000d4000-0x000d7fff window]
[    0.294978] pci_bus 0000:00: root bus resource [mem 0x000d8000-0x000dbfff window]
[    0.294980] pci_bus 0000:00: root bus resource [mem 0x000dc000-0x000dffff window]
[    0.294982] pci_bus 0000:00: root bus resource [mem 0x000e0000-0x000e3fff window]
[    0.294985] pci_bus 0000:00: root bus resource [mem 0x000e4000-0x000e7fff window]
[    0.294987] pci_bus 0000:00: root bus resource [mem 0x000e8000-0x000ebfff window]
[    0.294989] pci_bus 0000:00: root bus resource [mem 0x000ec000-0x000effff window]
[    0.294991] pci_bus 0000:00: root bus resource [mem 0x000f0000-0x000fffff window]
[    0.294994] pci_bus 0000:00: root bus resource [mem 0x70000000-0xdfffffff window]
[    0.294996] pci_bus 0000:00: root bus resource [mem 0xfd000000-0xfe7fffff window]
[    0.294998] pci_bus 0000:00: root bus resource [bus 00-fe]
[    0.295006] pci 0000:00:00.0: [8086:590f] type 00 class 0x060000
[    0.295095] pci 0000:00:01.0: [8086:1901] type 01 class 0x060400
[    0.295127] pci 0000:00:01.0: PME# supported from D0 D3hot D3cold
[    0.295255] pci 0000:00:02.0: [8086:5902] type 00 class 0x030000
[    0.295263] pci 0000:00:02.0: reg 0x10: [mem 0xdd000000-0xddffffff 64bit]
[    0.295268] pci 0000:00:02.0: reg 0x18: [mem 0xa0000000-0xbfffffff 64bit pref]
[    0.295271] pci 0000:00:02.0: reg 0x20: [io  0xf000-0xf03f]
[    0.295281] pci 0000:00:02.0: BAR 2: assigned to efifb
[    0.295422] pci 0000:00:14.0: [8086:a12f] type 00 class 0x0c0330
[    0.295441] pci 0000:00:14.0: reg 0x10: [mem 0xdf310000-0xdf31ffff 64bit]
[    0.295496] pci 0000:00:14.0: PME# supported from D3hot D3cold
[    0.295651] pci 0000:00:16.0: [8086:a13a] type 00 class 0x078000
[    0.295674] pci 0000:00:16.0: reg 0x10: [mem 0xdf32d000-0xdf32dfff 64bit]
[    0.295738] pci 0000:00:16.0: PME# supported from D3hot
[    0.295854] pci 0000:00:17.0: [8086:a102] type 00 class 0x010601
[    0.295868] pci 0000:00:17.0: reg 0x10: [mem 0xdf328000-0xdf329fff]
[    0.295874] pci 0000:00:17.0: reg 0x14: [mem 0xdf32c000-0xdf32c0ff]
[    0.295880] pci 0000:00:17.0: reg 0x18: [io  0xf090-0xf097]
[    0.295886] pci 0000:00:17.0: reg 0x1c: [io  0xf080-0xf083]
[    0.295892] pci 0000:00:17.0: reg 0x20: [io  0xf060-0xf07f]
[    0.295898] pci 0000:00:17.0: reg 0x24: [mem 0xdf32b000-0xdf32b7ff]
[    0.295931] pci 0000:00:17.0: PME# supported from D3hot
[    0.296026] pci 0000:00:1b.0: [8086:a169] type 01 class 0x060400
[    0.296082] pci 0000:00:1b.0: PME# supported from D0 D3hot D3cold
[    0.296092] pci 0000:00:1b.0: Intel SPT PCH root port ACS workaround enabled
[    0.296223] pci 0000:00:1c.0: [8086:a112] type 01 class 0x060400
[    0.296278] pci 0000:00:1c.0: PME# supported from D0 D3hot D3cold
[    0.296288] pci 0000:00:1c.0: Intel SPT PCH root port ACS workaround enabled
[    0.296421] pci 0000:00:1f.0: [8086:a144] type 00 class 0x060100
[    0.296606] pci 0000:00:1f.2: [8086:a121] type 00 class 0x058000
[    0.296618] pci 0000:00:1f.2: reg 0x10: [mem 0xdf324000-0xdf327fff]
[    0.296736] pci 0000:00:1f.3: [8086:a170] type 00 class 0x040300
[    0.296759] pci 0000:00:1f.3: reg 0x10: [mem 0xdf320000-0xdf323fff 64bit]
[    0.296781] pci 0000:00:1f.3: reg 0x20: [mem 0xdf300000-0xdf30ffff 64bit]
[    0.296822] pci 0000:00:1f.3: PME# supported from D3hot D3cold
[    0.296954] pci 0000:00:1f.4: [8086:a123] type 00 class 0x0c0500
[    0.297013] pci 0000:00:1f.4: reg 0x10: [mem 0xdf32a000-0xdf32a0ff 64bit]
[    0.297080] pci 0000:00:1f.4: reg 0x20: [io  0xf040-0xf05f]
[    0.297259] pci 0000:01:00.0: [10de:139a] type 00 class 0x030200
[    0.297271] pci 0000:01:00.0: reg 0x10: [mem 0xde000000-0xdeffffff]
[    0.297277] pci 0000:01:00.0: reg 0x14: [mem 0xc0000000-0xcfffffff 64bit pref]
[    0.297284] pci 0000:01:00.0: reg 0x1c: [mem 0xd0000000-0xd1ffffff 64bit pref]
[    0.297288] pci 0000:01:00.0: reg 0x24: [io  0xe000-0xe07f]
[    0.297293] pci 0000:01:00.0: reg 0x30: [mem 0xdf000000-0xdf07ffff pref]
[    0.297338] pci 0000:01:00.0: 63.008 Gb/s available PCIe bandwidth, limited by 8 GT/s x8 link at 0000:00:01.0 (capable of 126.016 Gb/s with 8 GT/s x16 link)
[    0.297400] pci 0000:00:01.0: PCI bridge to [bus 01]
[    0.297403] pci 0000:00:01.0:   bridge window [io  0xe000-0xefff]
[    0.297405] pci 0000:00:01.0:   bridge window [mem 0xde000000-0xdf0fffff]
[    0.297408] pci 0000:00:01.0:   bridge window [mem 0xc0000000-0xd1ffffff 64bit pref]
[    0.297446] pci 0000:02:00.0: [10ec:5287] type 00 class 0xff0000
[    0.297470] pci 0000:02:00.0: reg 0x10: [mem 0xdf215000-0xdf215fff]
[    0.297508] pci 0000:02:00.0: reg 0x30: [mem 0xdf200000-0xdf20ffff pref]
[    0.297583] pci 0000:02:00.0: supports D1 D2
[    0.297584] pci 0000:02:00.0: PME# supported from D1 D2 D3hot D3cold
[    0.297676] pci 0000:02:00.1: [10ec:8168] type 00 class 0x020000
[    0.297701] pci 0000:02:00.1: reg 0x10: [io  0xd000-0xd0ff]
[    0.297724] pci 0000:02:00.1: reg 0x18: [mem 0xdf214000-0xdf214fff 64bit]
[    0.297738] pci 0000:02:00.1: reg 0x20: [mem 0xdf210000-0xdf213fff 64bit]
[    0.297818] pci 0000:02:00.1: supports D1 D2
[    0.297819] pci 0000:02:00.1: PME# supported from D0 D1 D2 D3hot D3cold
[    0.297927] pci 0000:00:1b.0: PCI bridge to [bus 02]
[    0.297930] pci 0000:00:1b.0:   bridge window [io  0xd000-0xdfff]
[    0.297932] pci 0000:00:1b.0:   bridge window [mem 0xdf200000-0xdf2fffff]
[    0.297981] pci 0000:03:00.0: [8086:3165] type 00 class 0x028000
[    0.298026] pci 0000:03:00.0: reg 0x10: [mem 0xdf100000-0xdf101fff 64bit]
[    0.298178] pci 0000:03:00.0: PME# supported from D0 D3hot D3cold
[    0.298251] pci 0000:03:00.0: 2.000 Gb/s available PCIe bandwidth, limited by 2.5 GT/s x1 link at 0000:00:1c.0 (capable of 7.876 Gb/s with 8 GT/s x1 link)
[    0.298298] pci 0000:00:1c.0: PCI bridge to [bus 03]
[    0.298303] pci 0000:00:1c.0:   bridge window [mem 0xdf100000-0xdf1fffff]
[    0.298315] pci_bus 0000:00: on NUMA node 0
[    0.299042] ACPI: PCI Interrupt Link [LNKA] (IRQs 3 4 5 6 10 *11 12 14 15)
[    0.299084] ACPI: PCI Interrupt Link [LNKB] (IRQs 3 4 5 6 *10 11 12 14 15)
[    0.299123] ACPI: PCI Interrupt Link [LNKC] (IRQs 3 4 5 6 10 *11 12 14 15)
[    0.299161] ACPI: PCI Interrupt Link [LNKD] (IRQs 3 4 5 6 10 *11 12 14 15)
[    0.299199] ACPI: PCI Interrupt Link [LNKE] (IRQs 3 4 5 6 10 *11 12 14 15)
[    0.299238] ACPI: PCI Interrupt Link [LNKF] (IRQs 3 4 5 6 10 *11 12 14 15)
[    0.299275] ACPI: PCI Interrupt Link [LNKG] (IRQs 3 4 5 6 10 *11 12 14 15)
[    0.299312] ACPI: PCI Interrupt Link [LNKH] (IRQs 3 4 5 6 10 *11 12 14 15)
[    0.300140] ACPI: EC: interrupt unblocked
[    0.300157] ACPI: EC: event unblocked
[    0.300192] ACPI: \_SB_.PCI0.LPCB.EC__: GPE=0x3, EC_CMD/EC_SC=0x66, EC_DATA=0x62
[    0.300195] ACPI: \_SB_.PCI0.LPCB.EC__: Used as boot DSDT EC to handle transactions and events
[    0.300249] pci 0000:00:02.0: vgaarb: setting as boot VGA device
[    0.300249] pci 0000:00:02.0: vgaarb: VGA device added: decodes=io+mem,owns=io+mem,locks=none
[    0.300249] pci 0000:00:02.0: vgaarb: bridge control possible
[    0.300249] vgaarb: loaded
[    0.300249] SCSI subsystem initialized
[    0.300249] libata version 3.00 loaded.
[    0.300249] ACPI: bus type USB registered
[    0.300249] usbcore: registered new interface driver usbfs
[    0.300249] usbcore: registered new interface driver hub
[    0.300249] usbcore: registered new device driver usb
[    0.300249] EDAC MC: Ver: 3.0.0
[    0.300249] Registered efivars operations
[    0.321263] PCI: Using ACPI for IRQ routing
[    0.349780] PCI: pci_cache_line_size set to 64 bytes
[    0.349827] e820: reserve RAM buffer [mem 0x00058000-0x0005ffff]
[    0.349829] e820: reserve RAM buffer [mem 0x0009e000-0x0009ffff]
[    0.349829] e820: reserve RAM buffer [mem 0x62320018-0x63ffffff]
[    0.349830] e820: reserve RAM buffer [mem 0x62331018-0x63ffffff]
[    0.349831] e820: reserve RAM buffer [mem 0x65f31000-0x67ffffff]
[    0.349831] e820: reserve RAM buffer [mem 0x6a23e000-0x6bffffff]
[    0.349832] e820: reserve RAM buffer [mem 0x6b3ff000-0x6bffffff]
[    0.349833] e820: reserve RAM buffer [mem 0x28f000000-0x28fffffff]
[    0.349892] Bluetooth: Core ver 2.22
[    0.349897] NET: Registered protocol family 31
[    0.349899] Bluetooth: HCI device and connection manager initialized
[    0.349901] Bluetooth: HCI socket layer initialized
[    0.349903] Bluetooth: L2CAP socket layer initialized
[    0.349907] Bluetooth: SCO socket layer initialized
[    0.349909] NetLabel: Initializing
[    0.349911] NetLabel:  domain hash size = 128
[    0.349912] NetLabel:  protocols = UNLABELED CIPSOv4 CALIPSO
[    0.349922] NetLabel:  unlabeled traffic allowed by default
[    0.350731] hpet0: at MMIO 0xfed00000, IRQs 2, 8, 0, 0, 0, 0, 0, 0
[    0.350737] hpet0: 8 comparators, 64-bit 24.000000 MHz counter
[    0.352064] clocksource: Switched to clocksource tsc-early
[    0.360782] VFS: Disk quotas dquot_6.6.0
[    0.360794] VFS: Dquot-cache hash table entries: 512 (order 0, 4096 bytes)
[    0.360817] FS-Cache: Loaded
[    0.360844] CacheFiles: Loaded
[    0.361568] pnp: PnP ACPI init
[    0.361738] system 00:00: [io  0x0680-0x069f] has been reserved
[    0.361741] system 00:00: [io  0xffff] has been reserved
[    0.361743] system 00:00: [io  0xffff] has been reserved
[    0.361745] system 00:00: [io  0xffff] has been reserved
[    0.361747] system 00:00: [io  0x1800-0x18fe] has been reserved
[    0.361750] system 00:00: [io  0x164e-0x164f] has been reserved
[    0.361752] system 00:00: [io  0x3322-0x3323] has been reserved
[    0.361757] system 00:00: Plug and Play ACPI device, IDs PNP0c02 (active)
[    0.361816] system 00:01: [io  0x0800-0x087f] has been reserved
[    0.361819] system 00:01: Plug and Play ACPI device, IDs PNP0c02 (active)
[    0.361833] pnp 00:02: Plug and Play ACPI device, IDs PNP0b00 (active)
[    0.361857] system 00:03: [io  0x1854-0x1857] has been reserved
[    0.361861] system 00:03: Plug and Play ACPI device, IDs INT3f0d PNP0c02 (active)
[    0.361875] pnp 00:04: Plug and Play ACPI device, IDs PNP0303 (active)
[    0.361947] pnp 00:05: Plug and Play ACPI device, IDs SYN1218 PNP0f13 (active)
[    0.362100] system 00:06: [mem 0xfed10000-0xfed17fff] has been reserved
[    0.362103] system 00:06: [mem 0xfed18000-0xfed18fff] has been reserved
[    0.362105] system 00:06: [mem 0xfed19000-0xfed19fff] has been reserved
[    0.362107] system 00:06: [mem 0xe0000000-0xefffffff] has been reserved
[    0.362109] system 00:06: [mem 0xfed20000-0xfed3ffff] has been reserved
[    0.362112] system 00:06: [mem 0xfed90000-0xfed93fff] could not be reserved
[    0.362114] system 00:06: [mem 0xfed45000-0xfed8ffff] has been reserved
[    0.362116] system 00:06: [mem 0xff000000-0xffffffff] has been reserved
[    0.362119] system 00:06: [mem 0xfee00000-0xfeefffff] could not be reserved
[    0.362121] system 00:06: [mem 0xdffe0000-0xdfffffff] has been reserved
[    0.362125] system 00:06: Plug and Play ACPI device, IDs PNP0c02 (active)
[    0.362153] system 00:07: [mem 0xfd000000-0xfdabffff] has been reserved
[    0.362155] system 00:07: [mem 0xfdad0000-0xfdadffff] has been reserved
[    0.362157] system 00:07: [mem 0xfdb00000-0xfdffffff] has been reserved
[    0.362160] system 00:07: [mem 0xfe000000-0xfe01ffff] could not be reserved
[    0.362162] system 00:07: [mem 0xfe036000-0xfe03bfff] has been reserved
[    0.362164] system 00:07: [mem 0xfe03d000-0xfe3fffff] has been reserved
[    0.362166] system 00:07: [mem 0xfe410000-0xfe7fffff] has been reserved
[    0.362170] system 00:07: Plug and Play ACPI device, IDs PNP0c02 (active)
[    0.362357] system 00:08: [io  0xff00-0xfffe] has been reserved
[    0.362360] system 00:08: Plug and Play ACPI device, IDs PNP0c02 (active)
[    0.363094] system 00:09: [mem 0xfdaf0000-0xfdafffff] has been reserved
[    0.363096] system 00:09: [mem 0xfdae0000-0xfdaeffff] has been reserved
[    0.363099] system 00:09: [mem 0xfdac0000-0xfdacffff] has been reserved
[    0.363102] system 00:09: Plug and Play ACPI device, IDs PNP0c02 (active)
[    0.363506] pnp: PnP ACPI: found 10 devices
[    0.368034] clocksource: acpi_pm: mask: 0xffffff max_cycles: 0xffffff, max_idle_ns: 2085701024 ns
[    0.368058] pci 0000:00:01.0: PCI bridge to [bus 01]
[    0.368061] pci 0000:00:01.0:   bridge window [io  0xe000-0xefff]
[    0.368064] pci 0000:00:01.0:   bridge window [mem 0xde000000-0xdf0fffff]
[    0.368067] pci 0000:00:01.0:   bridge window [mem 0xc0000000-0xd1ffffff 64bit pref]
[    0.368071] pci 0000:00:1b.0: PCI bridge to [bus 02]
[    0.368074] pci 0000:00:1b.0:   bridge window [io  0xd000-0xdfff]
[    0.368078] pci 0000:00:1b.0:   bridge window [mem 0xdf200000-0xdf2fffff]
[    0.368083] pci 0000:00:1c.0: PCI bridge to [bus 03]
[    0.368087] pci 0000:00:1c.0:   bridge window [mem 0xdf100000-0xdf1fffff]
[    0.368094] pci_bus 0000:00: resource 4 [io  0x0000-0x0cf7 window]
[    0.368095] pci_bus 0000:00: resource 5 [io  0x0d00-0xffff window]
[    0.368096] pci_bus 0000:00: resource 6 [mem 0x000a0000-0x000bffff window]
[    0.368096] pci_bus 0000:00: resource 7 [mem 0x000c0000-0x000c3fff window]
[    0.368097] pci_bus 0000:00: resource 8 [mem 0x000c4000-0x000c7fff window]
[    0.368098] pci_bus 0000:00: resource 9 [mem 0x000c8000-0x000cbfff window]
[    0.368099] pci_bus 0000:00: resource 10 [mem 0x000cc000-0x000cffff window]
[    0.368100] pci_bus 0000:00: resource 11 [mem 0x000d0000-0x000d3fff window]
[    0.368101] pci_bus 0000:00: resource 12 [mem 0x000d4000-0x000d7fff window]
[    0.368102] pci_bus 0000:00: resource 13 [mem 0x000d8000-0x000dbfff window]
[    0.368103] pci_bus 0000:00: resource 14 [mem 0x000dc000-0x000dffff window]
[    0.368104] pci_bus 0000:00: resource 15 [mem 0x000e0000-0x000e3fff window]
[    0.368105] pci_bus 0000:00: resource 16 [mem 0x000e4000-0x000e7fff window]
[    0.368106] pci_bus 0000:00: resource 17 [mem 0x000e8000-0x000ebfff window]
[    0.368107] pci_bus 0000:00: resource 18 [mem 0x000ec000-0x000effff window]
[    0.368107] pci_bus 0000:00: resource 19 [mem 0x000f0000-0x000fffff window]
[    0.368108] pci_bus 0000:00: resource 20 [mem 0x70000000-0xdfffffff window]
[    0.368109] pci_bus 0000:00: resource 21 [mem 0xfd000000-0xfe7fffff window]
[    0.368110] pci_bus 0000:01: resource 0 [io  0xe000-0xefff]
[    0.368111] pci_bus 0000:01: resource 1 [mem 0xde000000-0xdf0fffff]
[    0.368112] pci_bus 0000:01: resource 2 [mem 0xc0000000-0xd1ffffff 64bit pref]
[    0.368113] pci_bus 0000:02: resource 0 [io  0xd000-0xdfff]
[    0.368114] pci_bus 0000:02: resource 1 [mem 0xdf200000-0xdf2fffff]
[    0.368115] pci_bus 0000:03: resource 1 [mem 0xdf100000-0xdf1fffff]
[    0.368211] NET: Registered protocol family 2
[    0.368295] tcp_listen_portaddr_hash hash table entries: 4096 (order: 4, 65536 bytes)
[    0.368306] TCP established hash table entries: 65536 (order: 7, 524288 bytes)
[    0.368371] TCP bind hash table entries: 65536 (order: 8, 1048576 bytes)
[    0.368520] TCP: Hash tables configured (established 65536 bind 65536)
[    0.368540] UDP hash table entries: 4096 (order: 5, 131072 bytes)
[    0.368559] UDP-Lite hash table entries: 4096 (order: 5, 131072 bytes)
[    0.368599] NET: Registered protocol family 1
[    0.368603] NET: Registered protocol family 44
[    0.368612] pci 0000:00:02.0: Video device with shadowed ROM at [mem 0x000c0000-0x000dffff]
[    0.368811] PCI: CLS 64 bytes, default 64
[    0.368830] Unpacking initramfs...
[    0.382724] Freeing initrd memory: 11548K
[    0.382762] DMAR: No ATSR found
[    0.382788] DMAR: dmar0: Using Queued invalidation
[    0.382869] DMAR: dmar1: Using Queued invalidation
[    0.383141] DMAR: Setting RMRR:
[    0.383261] DMAR: Setting identity map for device 0000:00:02.0 [0x6b800000 - 0x6fffffff]
[    0.383286] DMAR: Setting identity map for device 0000:00:14.0 [0x6a621000 - 0x6a640fff]
[    0.383293] DMAR: Prepare 0-16MiB unity mapping for LPC
[    0.383316] DMAR: Setting identity map for device 0000:00:1f.0 [0x0 - 0xffffff]
[    0.383463] DMAR: Intel(R) Virtualization Technology for Directed I/O
[    0.383495] iommu: Adding device 0000:00:00.0 to group 0
[    0.383506] iommu: Adding device 0000:00:01.0 to group 1
[    0.383521] iommu: Adding device 0000:00:02.0 to group 2
[    0.383530] iommu: Adding device 0000:00:14.0 to group 3
[    0.383538] iommu: Adding device 0000:00:16.0 to group 4
[    0.383544] iommu: Adding device 0000:00:17.0 to group 5
[    0.383553] iommu: Adding device 0000:00:1b.0 to group 6
[    0.383562] iommu: Adding device 0000:00:1c.0 to group 7
[    0.383576] iommu: Adding device 0000:00:1f.0 to group 8
[    0.383583] iommu: Adding device 0000:00:1f.2 to group 8
[    0.383590] iommu: Adding device 0000:00:1f.3 to group 8
[    0.383597] iommu: Adding device 0000:00:1f.4 to group 8
[    0.383601] iommu: Adding device 0000:01:00.0 to group 1
[    0.383623] iommu: Adding device 0000:02:00.0 to group 9
[    0.383641] iommu: Adding device 0000:02:00.1 to group 9
[    0.383650] iommu: Adding device 0000:03:00.0 to group 10
[    0.384990] RAPL PMU: API unit is 2^-32 Joules, 5 fixed counters, 655360 ms ovfl timer
[    0.384992] RAPL PMU: hw unit of domain pp0-core 2^-14 Joules
[    0.384994] RAPL PMU: hw unit of domain package 2^-14 Joules
[    0.384996] RAPL PMU: hw unit of domain dram 2^-14 Joules
[    0.384997] RAPL PMU: hw unit of domain pp1-gpu 2^-14 Joules
[    0.384999] RAPL PMU: hw unit of domain psys 2^-14 Joules
[    0.385174] clocksource: tsc: mask: 0xffffffffffffffff max_cycles: 0x3282142a9b0, max_idle_ns: 440795384778 ns
[    0.385185] clocksource: Switched to clocksource tsc
[    0.385392] simple-framebuffer simple-framebuffer.0: framebuffer at 0xa0000000, 0x7e9000 bytes, mapped to 0x0000000035989f0e
[    0.385396] simple-framebuffer simple-framebuffer.0: format=a8r8g8b8, mode=1920x1080x32, linelength=7680
[    0.388470] Console: switching to colour frame buffer device 240x67
[    0.390958] simple-framebuffer simple-framebuffer.0: fb0: simplefb registered!
[    0.391657] Initialise system trusted keyrings
[    0.391692] workingset: timestamp_bits=46 max_order=21 bucket_order=0
[    0.392966] ntfs: driver 2.1.32 [Flags: R/O].
[    0.393031] fuse init (API version 7.27)
[    0.393083] SGI XFS with ACLs, security attributes, realtime, scrub, no debug enabled
[    0.393388] NILFS version 2 loaded
[    0.394318] Key type asymmetric registered
[    0.394333] Asymmetric key parser 'x509' registered
[    0.394351] Block layer SCSI generic (bsg) driver version 0.4 loaded (major 249)
[    0.394389] io scheduler noop registered
[    0.394401] io scheduler deadline registered (default)
[    0.394435] io scheduler cfq registered
[    0.394446] io scheduler mq-deadline registered (default)
[    0.394460] io scheduler kyber registered
[    0.394490] io scheduler bfq registered
[    0.395135] intel_idle: MWAIT substates: 0x142120
[    0.395136] intel_idle: v0.4.1 model 0x9E
[    0.395241] intel_idle: lapic_timer_reliable_states 0xffffffff
[    0.395963] ACPI: AC Adapter [AC] (on-line)
[    0.396022] input: Power Button as /devices/LNXSYSTM:00/LNXSYBUS:00/PNP0C0C:00/input/input0
[    0.396069] ACPI: Power Button [PWRB]
[    0.396100] input: Sleep Button as /devices/LNXSYSTM:00/LNXSYBUS:00/PNP0C0E:00/input/input1
[    0.396124] ACPI: Sleep Button [SLPB]
[    0.396154] input: Lid Switch as /devices/LNXSYSTM:00/LNXSYBUS:00/PNP0C0D:00/input/input2
[    0.396176] ACPI: Lid Switch [LID0]
[    0.396204] input: Power Button as /devices/LNXSYSTM:00/LNXPWRBN:00/input/input3
[    0.396225] ACPI: Power Button [PWRF]
[    0.396474] thermal LNXTHERM:00: registered as thermal_zone0
[    0.396490] ACPI: Thermal Zone [TZ0] (47 C)
[    0.396938] battery: ACPI: Battery Slot [BAT0] (battery present)
[    0.397062] loop: module loaded
[    0.398436] drbd: initialized. Version: 8.4.10 (api:1/proto:86-101)
[    0.398454] drbd: built-in
[    0.398463] drbd: registered as block device major 147
[    0.398588] zram: Added device: zram0
[    0.398614] Uniform Multi-Platform E-IDE driver
[    0.398633] ide-gd driver 1.18
[    0.398653] st: Version 20160209, fixed bufsize 32768, s/g segs 256
[    0.398695] SCSI Media Changer driver v0.25 
[    0.399443] ahci 0000:00:17.0: version 3.0
[    0.409638] ahci 0000:00:17.0: AHCI 0001.0301 32 slots 3 ports 6 Gbps 0x11 impl SATA mode
[    0.410241] ahci 0000:00:17.0: flags: 64bit ncq sntf pm led clo only pio slum part ems deso sadm sds apst 
[    0.413458] scsi host0: ahci
[    0.414169] scsi host1: ahci
[    0.414869] scsi host2: ahci
[    0.415587] scsi host3: ahci
[    0.416282] scsi host4: ahci
[    0.416933] ata1: SATA max UDMA/133 abar m2048@0xdf32b000 port 0xdf32b100 irq 123
[    0.417554] ata2: DUMMY
[    0.418172] ata3: DUMMY
[    0.418792] ata4: DUMMY
[    0.419391] ata5: SATA max UDMA/133 abar m2048@0xdf32b000 port 0xdf32b300 irq 123
[    0.424487] libphy: r8169: probed
[    0.425317] r8169 0000:02:00.1 eth0: RTL8411, 80:fa:5b:36:ab:b5, XID 5c800800, IRQ 124
[    0.425943] r8169 0000:02:00.1 eth0: jumbo features [frames: 9200 bytes, tx checksumming: ko]
[    0.426593] Fusion MPT base driver 3.04.20
[    0.427242] Copyright (c) 1999-2008 LSI Corporation
[    0.427872] Fusion MPT SAS Host driver 3.04.20
[    0.428747] aoe: AoE v85 initialised.
[    0.429390] ehci_hcd: USB 2.0 'Enhanced' Host Controller (EHCI) Driver
[    0.430018] ehci-pci: EHCI PCI platform driver
[    0.430762] xhci_hcd 0000:00:14.0: xHCI Host Controller
[    0.431384] xhci_hcd 0000:00:14.0: new USB bus registered, assigned bus number 1
[    0.433097] xhci_hcd 0000:00:14.0: hcc params 0x200077c1 hci version 0x100 quirks 0x0000000001109810
[    0.433720] xhci_hcd 0000:00:14.0: cache line size of 64 is not supported
[    0.433849] usb usb1: New USB device found, idVendor=1d6b, idProduct=0002, bcdDevice= 4.19
[    0.434487] usb usb1: New USB device strings: Mfr=3, Product=2, SerialNumber=1
[    0.435104] usb usb1: Product: xHCI Host Controller
[    0.435713] usb usb1: Manufacturer: Linux 4.19.1-gentoo xhci-hcd
[    0.436344] usb usb1: SerialNumber: 0000:00:14.0
[    0.437048] hub 1-0:1.0: USB hub found
[    0.437658] hub 1-0:1.0: 16 ports detected
[    0.438690] xhci_hcd 0000:00:14.0: xHCI Host Controller
[    0.439297] xhci_hcd 0000:00:14.0: new USB bus registered, assigned bus number 2
[    0.439904] xhci_hcd 0000:00:14.0: Host supports USB 3.0  SuperSpeed
[    0.440534] usb usb2: New USB device found, idVendor=1d6b, idProduct=0003, bcdDevice= 4.19
[    0.441142] usb usb2: New USB device strings: Mfr=3, Product=2, SerialNumber=1
[    0.441746] usb usb2: Product: xHCI Host Controller
[    0.442370] usb usb2: Manufacturer: Linux 4.19.1-gentoo xhci-hcd
[    0.442979] usb usb2: SerialNumber: 0000:00:14.0
[    0.443713] hub 2-0:1.0: USB hub found
[    0.444356] hub 2-0:1.0: 8 ports detected
[    0.445129] usb: port power management may be unreliable
[    0.445954] i8042: PNP: PS/2 Controller [PNP0303:PS2K,PNP0f13:SYNM] at 0x60,0x64 irq 1,12
[    0.725152] ata5: SATA link up 6.0 Gbps (SStatus 133 SControl 300)
[    0.726678] ata5.00: ATA-10: HGST HTS545050B7E660, 01.01A01, max UDMA/133
[    0.727520] ata5.00: 976773168 sectors, multi 16: LBA48 NCQ (depth 32), AA
[    0.729037] ata5.00: configured for UDMA/133
[    0.996065] i8042: Detected active multiplexing controller, rev 1.1
[    0.998291] serio: i8042 KBD port at 0x60,0x64 irq 1
[    0.998905] serio: i8042 AUX0 port at 0x60,0x64 irq 12
[    0.999523] serio: i8042 AUX1 port at 0x60,0x64 irq 12
[    1.000126] serio: i8042 AUX2 port at 0x60,0x64 irq 12
[    1.000714] serio: i8042 AUX3 port at 0x60,0x64 irq 12
[    1.001394] mousedev: PS/2 mouse device common for all mice
[    1.002294] rtc_cmos 00:02: RTC can wake from S4
[    1.003343] rtc_cmos 00:02: registered as rtc0
[    1.003917] rtc_cmos 00:02: alarms up to one month, y3k, 242 bytes nvram, hpet irqs
[    1.004557] device-mapper: uevent: version 1.0.3
[    1.005199] device-mapper: ioctl: 4.39.0-ioctl (2018-04-03) initialised: dm-devel@redhat.com
[    1.005892] hidraw: raw HID events driver (C) Jiri Kosina
[    1.006591] intel_rapl: Found RAPL domain package
[    1.007177] intel_rapl: Found RAPL domain core
[    1.007745] intel_rapl: Found RAPL domain uncore
[    1.008327] intel_rapl: Found RAPL domain dram
[    1.008988] gnss: GNSS driver registered with major 246
[    1.009305] input: AT Translated Set 2 keyboard as /devices/platform/i8042/serio0/input/input4
[    1.009568] drop_monitor: Initializing network drop monitor service
[    1.010763] ipip: IPv4 and MPLS over IPv4 tunneling driver
[    1.011410] gre: GRE over IPv4 demultiplexor driver
[    1.012005] ip_gre: GRE over IPv4 tunneling driver
[    1.012710] Initializing XFRM netlink socket
[    1.013366] NET: Registered protocol family 10
[    1.014168] Segment Routing with IPv6
[    1.014772] NET: Registered protocol family 17
[    1.015362] bridge: filtering via arp/ip/ip6tables is no longer available by default. Update your scripts to load br_netfilter if you need this.
[    1.016031] Bluetooth: RFCOMM TTY layer initialized
[    1.016648] Bluetooth: RFCOMM socket layer initialized
[    1.017242] Bluetooth: RFCOMM ver 1.11
[    1.017830] Bluetooth: BNEP (Ethernet Emulation) ver 1.3
[    1.018434] Bluetooth: BNEP filters: protocol multicast
[    1.019030] Bluetooth: BNEP socket layer initialized
[    1.019617] Bluetooth: HIDP (Human Interface Emulation) ver 1.2
[    1.020204] Bluetooth: HIDP socket layer initialized
[    1.020772] l2tp_core: L2TP core driver, V2.0
[    1.021666] microcode: sig=0x906e9, pf=0x2, revision=0x9a
[    1.022313] microcode: Microcode Update Driver: v2.2.
[    1.022318] SSE version of gcm_enc/dec engaged.
[    1.025517] sched_clock: Marking stable (1025980945, -468468)->(1030247478, -4735001)
[    1.026225] registered taskstats version 1
[    1.026813] Loading compiled-in X.509 certificates
[    1.027403] ima: No TPM chip found, activating TPM-bypass!
[    1.027980] ima: Allocated hash algorithm: sha1
[    1.029279] rtc_cmos 00:02: setting system clock to 2018-11-22 09:14:15 UTC (1542878055)
[    1.097166] ata1: SATA link up 6.0 Gbps (SStatus 133 SControl 300)
[    1.100852] ata1.00: ATA-9: SAMSUNG MZNTY128HDHP-00000, MAT2100Q, max UDMA/133
[    1.101895] ata1.00: 250069680 sectors, multi 16: LBA48 NCQ (depth 32), AA
[    1.105161] ata1.00: configured for UDMA/133
[    1.106357] scsi 0:0:0:0: Direct-Access     ATA      SAMSUNG MZNTY128 100Q PQ: 0 ANSI: 5
[    1.107561] sd 0:0:0:0: [sda] 250069680 512-byte logical blocks: (128 GB/119 GiB)
[    1.107617] sd 0:0:0:0: Attached scsi generic sg0 type 0
[    1.109118] sd 0:0:0:0: [sda] Write Protect is off
[    1.111297] scsi 4:0:0:0: Direct-Access     ATA      HGST HTS545050B7 1A01 PQ: 0 ANSI: 5
[    1.112317] sd 0:0:0:0: [sda] Mode Sense: 00 3a 00 00
[    1.113763] sd 0:0:0:0: [sda] Write cache: enabled, read cache: enabled, doesn't support DPO or FUA
[    1.113912] sd 4:0:0:0: [sdb] 976773168 512-byte logical blocks: (500 GB/466 GiB)
[    1.113943] sd 4:0:0:0: Attached scsi generic sg1 type 0
[    1.116876]  sda: sda1 sda2 sda3 sda4 sda5 sda6
[    1.118008] sd 4:0:0:0: [sdb] 4096-byte physical blocks
[    1.118021] sd 4:0:0:0: [sdb] Write Protect is off
[    1.120177] sd 0:0:0:0: [sda] Attached SCSI disk
[    1.120645] sd 4:0:0:0: [sdb] Mode Sense: 00 3a 00 00
[    1.123235] sd 4:0:0:0: [sdb] Write cache: enabled, read cache: enabled, doesn't support DPO or FUA
[    1.210289] usb 1-2: new high-speed USB device number 2 using xhci_hcd
[    1.233553]  sdb: sdb1 sdb2
[    1.235518] sd 4:0:0:0: [sdb] Attached SCSI disk
[    1.357334] usb 1-2: New USB device found, idVendor=04f2, idProduct=b59e, bcdDevice=10.19
[    1.358442] usb 1-2: New USB device strings: Mfr=3, Product=1, SerialNumber=2
[    1.359456] usb 1-2: Product: Chicony USB2.0 Camera
[    1.360335] usb 1-2: Manufacturer: Chicony Electronics Co.,Ltd.
[    1.361216] usb 1-2: SerialNumber: 200901010001
[    1.472904] Freeing unused kernel image memory: 1580K
[    1.473592] Write protecting the kernel read-only data: 20480k
[    1.475747] Freeing unused kernel image memory: 1988K
[    1.476464] Freeing unused kernel image memory: 40K
[    1.477105] usb 1-3: new full-speed USB device number 3 using xhci_hcd
[    1.477744] rodata_test: all tests were successful
[    1.478382] Run /init as init process
[    1.538492] dracut: dracut-048
[    1.597476] systemd-udevd[320]: starting version 3.2.7
[    1.598245] random: systemd-udevd: uninitialized urandom read (16 bytes read)
[    1.598891] random: systemd-udevd: uninitialized urandom read (16 bytes read)
[    1.599532] random: systemd-udevd: uninitialized urandom read (16 bytes read)
[    1.600776] udevd[321]: starting eudev-3.2.7
[    1.603974] usb 1-3: New USB device found, idVendor=8087, idProduct=0a2a, bcdDevice= 0.01
[    1.604711] usb 1-3: New USB device strings: Mfr=0, Product=0, SerialNumber=0
[    1.626771] r8169 0000:02:00.1 enp2s0f1: renamed from eth0
[    1.645655] random: fast init done
[    2.001551] XFS (sda2): Mounting V5 Filesystem
[    2.037525] XFS (sda2): Ending clean mount
[    2.077432] dracut: Remounting /dev/sda2 with -o defaults,rw
[    2.091223] dracut: Mounted root filesystem /dev/sda2
[    2.102143] dracut: Mounting /usr with -o defaults,rw
[    2.104369] XFS (sda3): Mounting V5 Filesystem
[    2.153334] XFS (sda3): Ending clean mount
[    2.206234] dracut: Switching root
[    2.251324] random: crng init done
[    2.251924] random: 3 urandom warning(s) missed due to ratelimiting
[    2.760480] udevd[910]: starting version 3.2.7
[    2.766628] udevd[910]: specified group 'kvm' unknown
[    2.775679] udevd[934]: starting eudev-3.2.7
[    2.852751] rtsx_pci 0000:02:00.0: enabling device (0000 -> 0002)
[    2.854141] Linux agpgart interface v0.103
[    2.854967] usbcore: registered new interface driver btusb
[    2.859491] i801_smbus 0000:00:1f.4: SPD Write Disable is set
[    2.859536] i801_smbus 0000:00:1f.4: SMBus using PCI interrupt
[    2.859645] videodev: Linux video capture interface: v2.00
[    2.875848] Bluetooth: hci0: read Intel version: 370810011003110e32
[    2.875850] Bluetooth: hci0: Intel device is already patched. patch num: 32
[    2.896368] uvcvideo: Found UVC 1.00 device Chicony USB2.0 Camera (04f2:b59e)
[    2.899738] cfg80211: Loading compiled-in X.509 certificates for regulatory database
[    2.905032] input: Chicony USB2.0 Camera: Chicony  as /devices/pci0000:00/0000:00:14.0/usb1/1-2/1-2:1.0/input/input11
[    2.905888] usbcore: registered new interface driver uvcvideo
[    2.905889] USB Video Class driver (1.1.1)
[    2.916276] snd_hda_intel 0000:00:1f.3: enabling device (0000 -> 0002)
[    2.916279] cfg80211: Loaded X.509 cert 'sforshee: 00b28ddf47aef9cea7'
[    3.023634] iTCO_vendor_support: vendor-support=0
[    3.023637] Intel(R) Wireless WiFi driver for Linux
[    3.023638] Copyright(c) 2003- 2015 Intel Corporation
[    3.023697] iwlwifi 0000:03:00.0: enabling device (0000 -> 0002)
[    3.024699] udevd[934]: specified group 'kvm' unknown
[    3.025591] iTCO_wdt: Intel TCO WatchDog Timer Driver v1.11
[    3.025649] iTCO_wdt: Found a Intel PCH TCO device (Version=4, TCOBASE=0x0400)
[    3.026179] iTCO_wdt: initialized. heartbeat=30 sec (nowayout=0)
[    3.032710] iwlwifi 0000:03:00.0: loaded firmware version 29.1044073957.0 op_mode iwlmvm
[    3.037952] bbswitch: loading out-of-tree module taints kernel.
[    3.051782] bbswitch: version 0.8
[    3.051788] bbswitch: Found integrated VGA device 0000:00:02.0: \_SB_.PCI0.GFX0
[    3.051792] bbswitch: Found discrete VGA device 0000:01:00.0: \_SB_.PCI0.PEG0.PEGP
[    3.051800] ACPI Warning: \_SB.PCI0.PEG0.PEGP._DSM: Argument #4 type mismatch - Found [Buffer], ACPI requires [Package] (20180810/nsarguments-66)
[    3.051880] bbswitch: detected an Optimus _DSM function
[    3.051890] pci 0000:01:00.0: enabling device (0006 -> 0007)
[    3.051940] bbswitch: disabling discrete graphics
[    3.053989] Setting dangerous option enable_guc - tainting kernel
[    3.054840] [drm] VT-d active for gfx access
[    3.054842] checking generic (a0000000 7e9000) vs hw (a0000000 20000000)
[    3.054843] fb: switching to inteldrmfb from simple
[    3.054867] Console: switching to colour dummy device 80x25
[    3.055776] [drm] Supports vblank timestamp caching Rev 2 (21.10.2013).
[    3.055777] [drm] Driver supports precise vblank timestamp query.
[    3.056110] i915 0000:00:02.0: vgaarb: changed VGA decodes: olddecodes=io+mem,decodes=io+mem:owns=io+mem
[    3.056819] [drm] Finished loading DMC firmware i915/kbl_dmc_ver1_04.bin (v1.4)
[    3.066729] iwlwifi 0000:03:00.0: Detected Intel(R) Dual Band Wireless AC 3165, REV=0x210
[    3.083562] iwlwifi 0000:03:00.0: base HW address: 84:ef:18:4e:95:49
[    3.083733] bbswitch: Succesfully loaded. Discrete card 0000:01:00.0 is off
[    3.084062] [drm] HuC: Loaded firmware i915/kbl_huc_ver02_00_1810.bin (version 2.0)
[    3.094145] [drm] GuC: Loaded firmware i915/kbl_guc_ver9_39.bin (version 9.39)
[    3.105102] i915 0000:00:02.0: GuC firmware version 9.39
[    3.105104] i915 0000:00:02.0: GuC submission disabled
[    3.105105] i915 0000:00:02.0: HuC enabled
[    3.106039] [drm] Initialized i915 1.6.0 20180719 for 0000:00:02.0 on minor 0
[    3.107283] ACPI: Video Device [GFX0] (multi-head: yes  rom: no  post: no)
[    3.107490] input: Video Bus as /devices/LNXSYSTM:00/LNXSYBUS:00/PNP0A08:00/LNXVIDEO:00/input/input12
[    3.107776] ACPI: Video Device [PEGP] (multi-head: no  rom: yes  post: no)
[    3.107813] input: Video Bus as /devices/LNXSYSTM:00/LNXSYBUS:00/PNP0A08:00/device:12/LNXVIDEO:01/input/input13
[    3.108858] snd_hda_intel 0000:00:1f.3: bound 0000:00:02.0 (ops i915_audio_component_bind_ops [i915])
[    3.113277] fbcon: inteldrmfb (fb0) is primary device
[    3.134483] input: PS/2 Synaptics TouchPad as /devices/platform/i8042/serio2/input/input10
[    3.143183] ieee80211 phy0: Selected rate control algorithm 'iwl-mvm-rs'
[    3.143373] thermal thermal_zone2: failed to read out thermal zone (-61)
[    3.144177] iwlwifi 0000:03:00.0 wlp3s0: renamed from wlan0
[    3.164913] snd_hda_codec_realtek hdaudioC0D0: autoconfig for ALC269VC: line_outs=1 (0x14/0x0/0x0/0x0/0x0) type:speaker
[    3.164914] snd_hda_codec_realtek hdaudioC0D0:    speaker_outs=0 (0x0/0x0/0x0/0x0/0x0)
[    3.164915] snd_hda_codec_realtek hdaudioC0D0:    hp_outs=1 (0x15/0x0/0x0/0x0/0x0)
[    3.164916] snd_hda_codec_realtek hdaudioC0D0:    mono: mono_out=0x0
[    3.164917] snd_hda_codec_realtek hdaudioC0D0:    inputs:
[    3.164918] snd_hda_codec_realtek hdaudioC0D0:      Mic=0x18
[    3.164919] snd_hda_codec_realtek hdaudioC0D0:      Internal Mic=0x12
[    3.180579] input: HDA Intel PCH Mic as /devices/pci0000:00/0000:00:1f.3/sound/card0/input16
[    3.180631] input: HDA Intel PCH Front Headphone as /devices/pci0000:00/0000:00:1f.3/sound/card0/input17
[    3.180673] input: HDA Intel PCH HDMI/DP,pcm=3 as /devices/pci0000:00/0000:00:1f.3/sound/card0/input18
[    3.180719] input: HDA Intel PCH HDMI/DP,pcm=7 as /devices/pci0000:00/0000:00:1f.3/sound/card0/input19
[    3.180761] input: HDA Intel PCH HDMI/DP,pcm=8 as /devices/pci0000:00/0000:00:1f.3/sound/card0/input20
[    3.180801] input: HDA Intel PCH HDMI/DP,pcm=9 as /devices/pci0000:00/0000:00:1f.3/sound/card0/input21
[    3.180841] input: HDA Intel PCH HDMI/DP,pcm=10 as /devices/pci0000:00/0000:00:1f.3/sound/card0/input22
[    3.213253] Adding 7999996k swap on /sf.  Priority:-2 extents:3 across:18110432k SSFS
[    3.250424] FAT-fs (sda1): Volume was not properly unmounted. Some data may be corrupt. Please run fsck.
[    3.250897] XFS (sda4): Mounting V5 Filesystem
[    3.283679] XFS (sda4): Ending clean mount
[    3.285140] XFS (sdb1): Mounting V5 Filesystem
[    3.453790] XFS (sdb1): Ending clean mount
[    3.535073] XFS (sdb2): Mounting V5 Filesystem
[    3.720480] XFS (sdb2): Ending clean mount
[    3.801113] bpfilter: Loaded bpfilter_umh pid 1532
[    5.324659] Console: switching to colour frame buffer device 240x67
[    5.349572] i915 0000:00:02.0: fb0: inteldrmfb frame buffer device
[    5.740992] IPv6: ADDRCONF(NETDEV_UP): enp2s0f1: link is not ready
[    5.741994] Generic PHY r8169-201:00: attached PHY driver [Generic PHY] (mii_bus:phy_addr=r8169-201:00, irq=IGNORE)
[    5.828170] IPv6: ADDRCONF(NETDEV_UP): enp2s0f1: link is not ready
[    5.834671] IPv6: ADDRCONF(NETDEV_UP): wlp3s0: link is not ready
[    5.936462] IPv6: ADDRCONF(NETDEV_UP): wlp3s0: link is not ready
[    6.042794] IPv6: ADDRCONF(NETDEV_UP): wlp3s0: link is not ready
[    6.075715] IPv6: ADDRCONF(NETDEV_UP): wlp3s0: link is not ready
[    9.563194] IPv6: ADDRCONF(NETDEV_UP): wlp3s0: link is not ready
[   12.979286] wlp3s0: authenticate with 00:0a:f5:dd:31:84
[   12.980328] wlp3s0: send auth to 00:0a:f5:dd:31:84 (try 1/3)
[   13.011917] wlp3s0: authenticated
[   13.012108] wlp3s0: associate with 00:0a:f5:dd:31:84 (try 1/3)
[   13.022798] wlp3s0: RX AssocResp from 00:0a:f5:dd:31:84 (capab=0x431 status=0 aid=3)
[   13.024056] wlp3s0: associated
[   13.116412] IPv6: ADDRCONF(NETDEV_CHANGE): wlp3s0: link becomes ready
[  506.187000] rtsx_pci 0000:02:00.0: VPD access failed.  This is likely a firmware bug on this device.  Contact the card vendor for a firmware update
[  506.188799] r8169 0000:02:00.1: invalid short VPD tag 00 at offset 1
